../drivers/bsp/TFT_ili9341/stm32g4_ili9341.c:125:6:ILI9341_demo	24	static
../drivers/bsp/TFT_ili9341/stm32g4_ili9341.c:157:6:ILI9341_Init	16	static
../drivers/bsp/TFT_ili9341/stm32g4_ili9341.c:196:6:ILI9341_setConfig	8	static
../drivers/bsp/TFT_ili9341/stm32g4_ili9341.c:203:6:ILI9341_InitLCD	8	static
../drivers/bsp/TFT_ili9341/stm32g4_ili9341.c:357:6:ILI9341_DisplayOn	8	static
../drivers/bsp/TFT_ili9341/stm32g4_ili9341.c:364:6:ILI9341_DisplayOff	8	static
../drivers/bsp/TFT_ili9341/stm32g4_ili9341.c:371:6:ILI9341_SendCommand	16	static
../drivers/bsp/TFT_ili9341/stm32g4_ili9341.c:381:6:ILI9341_SendData	16	static
../drivers/bsp/TFT_ili9341/stm32g4_ili9341.c:390:6:ILI9341_ReadDatas	16	static
../drivers/bsp/TFT_ili9341/stm32g4_ili9341.c:405:6:ILI9341_DrawPixel	16	static
../drivers/bsp/TFT_ili9341/stm32g4_ili9341.c:413:10:ILI9341_ReadPixel	416	static
../drivers/bsp/TFT_ili9341/stm32g4_ili9341.c:428:6:ILI9341_SetCursorPosition	24	static
../drivers/bsp/TFT_ili9341/stm32g4_ili9341.c:446:6:ILI9341_Fill	24	static
../drivers/bsp/TFT_ili9341/stm32g4_ili9341.c:459:6:ILI9341_INT_Fill	40	static
../drivers/bsp/TFT_ili9341/stm32g4_ili9341.c:504:6:ILI9341_Delay	16	static
../drivers/bsp/TFT_ili9341/stm32g4_ili9341.c:512:6:ILI9341_Rotate	16	static
../drivers/bsp/TFT_ili9341/stm32g4_ili9341.c:551:6:ILI9341_Puts	40	static
../drivers/bsp/TFT_ili9341/stm32g4_ili9341.c:603:6:ILI9341_PutBigs	48	static
../drivers/bsp/TFT_ili9341/stm32g4_ili9341.c:645:6:ILI9341_GetStringSize	32	static
../drivers/bsp/TFT_ili9341/stm32g4_ili9341.c:663:6:ILI9341_Putc	64	static
../drivers/bsp/TFT_ili9341/stm32g4_ili9341.c:720:6:ILI9341_PutBigc	72	static
../drivers/bsp/TFT_ili9341/stm32g4_ili9341.c:781:6:ILI9341_DrawLine	64	static
../drivers/bsp/TFT_ili9341/stm32g4_ili9341.c:861:6:ILI9341_DrawRectangle	32	static
../drivers/bsp/TFT_ili9341/stm32g4_ili9341.c:876:6:ILI9341_DrawFilledRectangle	40	static
../drivers/bsp/TFT_ili9341/stm32g4_ili9341.c:905:6:ILI9341_DrawCircle	40	static
../drivers/bsp/TFT_ili9341/stm32g4_ili9341.c:946:6:ILI9341_DrawFilledCircle	48	static
../drivers/bsp/TFT_ili9341/stm32g4_ili9341.c:981:18:ILI9341_getOptions	16	static
../drivers/bsp/TFT_ili9341/stm32g4_ili9341.c:994:6:ILI9341_printf	304	static
../drivers/bsp/TFT_ili9341/stm32g4_ili9341.c:1023:6:ILI9341_putImage	32	static
../drivers/bsp/TFT_ili9341/stm32g4_ili9341.c:1057:6:ILI9341_putImage_with_transparency	32	static
../drivers/bsp/TFT_ili9341/stm32g4_ili9341.c:1106:6:ILI9341_putImage_monochrome	40	static
