Archive member included to satisfy reference by file (symbol)

/home/eseo-val/st/stm32cubeide_1.18.1/plugins/com.st.stm32cube.ide.mcu.externaltools.gnu-tools-for-stm32.13.3.rel1.linux64_1.0.0.202410170706/tools/bin/../lib/gcc/arm-none-eabi/13.3.1/../../../../arm-none-eabi/lib/thumb/v7e-m+fp/hard/libc_nano.a(libc_a-assert.o)
                              ./drivers/bsp/stm32g4_spi.o (__assert_func)
/home/eseo-val/st/stm32cubeide_1.18.1/plugins/com.st.stm32cube.ide.mcu.externaltools.gnu-tools-for-stm32.13.3.rel1.linux64_1.0.0.202410170706/tools/bin/../lib/gcc/arm-none-eabi/13.3.1/../../../../arm-none-eabi/lib/thumb/v7e-m+fp/hard/libc_nano.a(libc_a-exit.o)
                              /home/eseo-val/st/stm32cubeide_1.18.1/plugins/com.st.stm32cube.ide.mcu.externaltools.gnu-tools-for-stm32.13.3.rel1.linux64_1.0.0.202410170706/tools/bin/../lib/gcc/arm-none-eabi/13.3.1/../../../../arm-none-eabi/lib/thumb/v7e-m+fp/hard/rdimon-crt0.o (exit)
/home/eseo-val/st/stm32cubeide_1.18.1/plugins/com.st.stm32cube.ide.mcu.externaltools.gnu-tools-for-stm32.13.3.rel1.linux64_1.0.0.202410170706/tools/bin/../lib/gcc/arm-none-eabi/13.3.1/../../../../arm-none-eabi/lib/thumb/v7e-m+fp/hard/libc_nano.a(libc_a-nano-vfprintf_float.o)
                              (_printf_float)
/home/eseo-val/st/stm32cubeide_1.18.1/plugins/com.st.stm32cube.ide.mcu.externaltools.gnu-tools-for-stm32.13.3.rel1.linux64_1.0.0.202410170706/tools/bin/../lib/gcc/arm-none-eabi/13.3.1/../../../../arm-none-eabi/lib/thumb/v7e-m+fp/hard/libc_nano.a(libc_a-nano-vfprintf_i.o)
                              /home/eseo-val/st/stm32cubeide_1.18.1/plugins/com.st.stm32cube.ide.mcu.externaltools.gnu-tools-for-stm32.13.3.rel1.linux64_1.0.0.202410170706/tools/bin/../lib/gcc/arm-none-eabi/13.3.1/../../../../arm-none-eabi/lib/thumb/v7e-m+fp/hard/libc_nano.a(libc_a-nano-vfprintf_float.o) (_printf_common)
/home/eseo-val/st/stm32cubeide_1.18.1/plugins/com.st.stm32cube.ide.mcu.externaltools.gnu-tools-for-stm32.13.3.rel1.linux64_1.0.0.202410170706/tools/bin/../lib/gcc/arm-none-eabi/13.3.1/../../../../arm-none-eabi/lib/thumb/v7e-m+fp/hard/libc_nano.a(libc_a-findfp.o)
                              /home/eseo-val/st/stm32cubeide_1.18.1/plugins/com.st.stm32cube.ide.mcu.externaltools.gnu-tools-for-stm32.13.3.rel1.linux64_1.0.0.202410170706/tools/bin/../lib/gcc/arm-none-eabi/13.3.1/../../../../arm-none-eabi/lib/thumb/v7e-m+fp/hard/libc_nano.a(libc_a-exit.o) (__stdio_exit_handler)
/home/eseo-val/st/stm32cubeide_1.18.1/plugins/com.st.stm32cube.ide.mcu.externaltools.gnu-tools-for-stm32.13.3.rel1.linux64_1.0.0.202410170706/tools/bin/../lib/gcc/arm-none-eabi/13.3.1/../../../../arm-none-eabi/lib/thumb/v7e-m+fp/hard/libc_nano.a(libc_a-fprintf.o)
                              /home/eseo-val/st/stm32cubeide_1.18.1/plugins/com.st.stm32cube.ide.mcu.externaltools.gnu-tools-for-stm32.13.3.rel1.linux64_1.0.0.202410170706/tools/bin/../lib/gcc/arm-none-eabi/13.3.1/../../../../arm-none-eabi/lib/thumb/v7e-m+fp/hard/libc_nano.a(libc_a-assert.o) (fiprintf)
/home/eseo-val/st/stm32cubeide_1.18.1/plugins/com.st.stm32cube.ide.mcu.externaltools.gnu-tools-for-stm32.13.3.rel1.linux64_1.0.0.202410170706/tools/bin/../lib/gcc/arm-none-eabi/13.3.1/../../../../arm-none-eabi/lib/thumb/v7e-m+fp/hard/libc_nano.a(libc_a-fwalk.o)
                              /home/eseo-val/st/stm32cubeide_1.18.1/plugins/com.st.stm32cube.ide.mcu.externaltools.gnu-tools-for-stm32.13.3.rel1.linux64_1.0.0.202410170706/tools/bin/../lib/gcc/arm-none-eabi/13.3.1/../../../../arm-none-eabi/lib/thumb/v7e-m+fp/hard/libc_nano.a(libc_a-findfp.o) (_fwalk_sglue)
/home/eseo-val/st/stm32cubeide_1.18.1/plugins/com.st.stm32cube.ide.mcu.externaltools.gnu-tools-for-stm32.13.3.rel1.linux64_1.0.0.202410170706/tools/bin/../lib/gcc/arm-none-eabi/13.3.1/../../../../arm-none-eabi/lib/thumb/v7e-m+fp/hard/libc_nano.a(libc_a-setvbuf.o)
                              ./drivers/bsp/stm32g4_uart.o (setvbuf)
/home/eseo-val/st/stm32cubeide_1.18.1/plugins/com.st.stm32cube.ide.mcu.externaltools.gnu-tools-for-stm32.13.3.rel1.linux64_1.0.0.202410170706/tools/bin/../lib/gcc/arm-none-eabi/13.3.1/../../../../arm-none-eabi/lib/thumb/v7e-m+fp/hard/libc_nano.a(libc_a-stdio.o)
                              /home/eseo-val/st/stm32cubeide_1.18.1/plugins/com.st.stm32cube.ide.mcu.externaltools.gnu-tools-for-stm32.13.3.rel1.linux64_1.0.0.202410170706/tools/bin/../lib/gcc/arm-none-eabi/13.3.1/../../../../arm-none-eabi/lib/thumb/v7e-m+fp/hard/libc_nano.a(libc_a-findfp.o) (__sread)
/home/eseo-val/st/stm32cubeide_1.18.1/plugins/com.st.stm32cube.ide.mcu.externaltools.gnu-tools-for-stm32.13.3.rel1.linux64_1.0.0.202410170706/tools/bin/../lib/gcc/arm-none-eabi/13.3.1/../../../../arm-none-eabi/lib/thumb/v7e-m+fp/hard/libc_nano.a(libc_a-vsnprintf.o)
                              ./drivers/bsp/TFT_ili9341/stm32g4_ili9341.o (vsnprintf)
[...]
Memory Configuration

Name             Origin             Length             Attributes
RAM              0x20000000         0x00008000         xrw
START            0x08000000         0x00000800         xr
BOOTLOADER       0x08000800         0x00000800         xr
FLASH            0x08001000         0x0001e800         xr
VIRTUAL_EEPROM   0x0801f800         0x00000800         xr
*default*        0x00000000         0xffffffff

Linker script and memory map

LOAD /home/eseo-val/st/stm32cubeide_1.18.1/plugins/com.st.stm32cube.ide.mcu.externaltools.gnu-tools-for-stm32.13.3.rel1.linux64_1.0.0.202410170706/tools/bin/../lib/gcc/arm-none-eabi/13.3.1/thumb/v7e-m+fp/hard/crti.o
LOAD /home/eseo-val/st/stm32cubeide_1.18.1/plugins/com.st.stm32cube.ide.mcu.externaltools.gnu-tools-for-stm32.13.3.rel1.linux64_1.0.0.202410170706/tools/bin/../lib/gcc/arm-none-eabi/13.3.1/thumb/v7e-m+fp/hard/crtbegin.o
LOAD /home/eseo-val/st/stm32cubeide_1.18.1/plugins/com.st.stm32cube.ide.mcu.externaltools.gnu-tools-for-stm32.13.3.rel1.linux64_1.0.0.202410170706/tools/bin/../lib/gcc/arm-none-eabi/13.3.1/../../../../arm-none-eabi/lib/thumb/v7e-m+fp/hard/rdimon-crt0.o
LOAD ./app/actions.o
LOAD ./app/button.o
LOAD ./app/display.o
LOAD ./app/gameoflife.o
LOAD ./app/main.o
LOAD ./app/menu.o
LOAD ./core/Src/stm32g4xx_it.o
LOAD ./core/Src/syscalls.o
LOAD ./core/Src/sysmem.o
LOAD ./core/Src/system_stm32g4xx.o
LOAD ./core/Startup/bootloader.o
LOAD ./core/Startup/startup_stm32g431kbtx.o
LOAD ./drivers/bsp/TFT_ili9341/stm32g4_fonts.o
LOAD ./drivers/bsp/TFT_ili9341/stm32g4_ili9341.o
LOAD ./drivers/bsp/TFT_ili9341/stm32g4_xpt2046.o
LOAD ./drivers/bsp/stm32g4_adc.o
LOAD ./drivers/bsp/stm32g4_extit.o
LOAD ./drivers/bsp/stm32g4_gpio.o
LOAD ./drivers/bsp/stm32g4_i2c.o
LOAD ./drivers/bsp/stm32g4_spi.o
LOAD ./drivers/bsp/stm32g4_sys.o
LOAD ./drivers/bsp/stm32g4_systick.o
LOAD ./drivers/bsp/stm32g4_timer.o
LOAD ./drivers/bsp/stm32g4_uart.o
LOAD ./drivers/stm32g4xx_hal/Src/stm32g4xx_hal.o
LOAD ./drivers/stm32g4xx_hal/Src/stm32g4xx_hal_adc.o
LOAD ./drivers/stm32g4xx_hal/Src/stm32g4xx_hal_adc_ex.o
LOAD ./drivers/stm32g4xx_hal/Src/stm32g4xx_hal_cortex.o
LOAD ./drivers/stm32g4xx_hal/Src/stm32g4xx_hal_dac.o
LOAD ./drivers/stm32g4xx_hal/Src/stm32g4xx_hal_dac_ex.o
LOAD ./drivers/stm32g4xx_hal/Src/stm32g4xx_hal_dma.o
LOAD ./drivers/stm32g4xx_hal/Src/stm32g4xx_hal_dma_ex.o
LOAD ./drivers/stm32g4xx_hal/Src/stm32g4xx_hal_exti.o
LOAD ./drivers/stm32g4xx_hal/Src/stm32g4xx_hal_flash.o
LOAD ./drivers/stm32g4xx_hal/Src/stm32g4xx_hal_flash_ex.o
LOAD ./drivers/stm32g4xx_hal/Src/stm32g4xx_hal_flash_ramfunc.o
LOAD ./drivers/stm32g4xx_hal/Src/stm32g4xx_hal_gpio.o
LOAD ./drivers/stm32g4xx_hal/Src/stm32g4xx_hal_i2c.o
LOAD ./drivers/stm32g4xx_hal/Src/stm32g4xx_hal_i2c_ex.o
LOAD ./drivers/stm32g4xx_hal/Src/stm32g4xx_hal_pwr.o
LOAD ./drivers/stm32g4xx_hal/Src/stm32g4xx_hal_pwr_ex.o
LOAD ./drivers/stm32g4xx_hal/Src/stm32g4xx_hal_rcc.o
LOAD ./drivers/stm32g4xx_hal/Src/stm32g4xx_hal_rcc_ex.o
LOAD ./drivers/stm32g4xx_hal/Src/stm32g4xx_hal_rng.o
LOAD ./drivers/stm32g4xx_hal/Src/stm32g4xx_hal_rtc.o
LOAD ./drivers/stm32g4xx_hal/Src/stm32g4xx_hal_rtc_ex.o
LOAD ./drivers/stm32g4xx_hal/Src/stm32g4xx_hal_spi.o
LOAD ./drivers/stm32g4xx_hal/Src/stm32g4xx_hal_spi_ex.o
LOAD ./drivers/stm32g4xx_hal/Src/stm32g4xx_hal_tim.o
LOAD ./drivers/stm32g4xx_hal/Src/stm32g4xx_hal_tim_ex.o
LOAD ./drivers/stm32g4xx_hal/Src/stm32g4xx_hal_uart.o
LOAD ./drivers/stm32g4xx_hal/Src/stm32g4xx_hal_uart_ex.o
LOAD ./drivers/stm32g4xx_hal/Src/stm32g4xx_ll_adc.o
LOAD /home/eseo-val/st/stm32cubeide_1.18.1/plugins/com.st.stm32cube.ide.mcu.externaltools.gnu-tools-for-stm32.13.3.rel1.linux64_1.0.0.202410170706/tools/bin/../lib/gcc/arm-none-eabi/13.3.1/../../../../arm-none-eabi/lib/thumb/v7e-m+fp/hard/libc_nano.a
LOAD /home/eseo-val/st/stm32cubeide_1.18.1/plugins/com.st.stm32cube.ide.mcu.externaltools.gnu-tools-for-stm32.13.3.rel1.linux64_1.0.0.202410170706/tools/bin/../lib/gcc/arm-none-eabi/13.3.1/../../../../arm-none-eabi/lib/thumb/v7e-m+fp/hard/librdimon_nano.a
START GROUP
LOAD /home/eseo-val/st/stm32cubeide_1.18.1/plugins/com.st.stm32cube.ide.mcu.externaltools.gnu-tools-for-stm32.13.3.rel1.linux64_1.0.0.202410170706/tools/bin/../lib/gcc/arm-none-eabi/13.3.1/../../../../arm-none-eabi/lib/thumb/v7e-m+fp/hard/libc_nano.a
LOAD /home/eseo-val/st/stm32cubeide_1.18.1/plugins/com.st.stm32cube.ide.mcu.externaltools.gnu-tools-for-stm32.13.3.rel1.linux64_1.0.0.202410170706/tools/bin/../lib/gcc/arm-none-eabi/13.3.1/../../../../arm-none-eabi/lib/thumb/v7e-m+fp/hard/libm.a
END GROUP
START GROUP
LOAD /home/eseo-val/st/stm32cubeide_1.18.1/plugins/com.st.stm32cube.ide.mcu.externaltools.gnu-tools-for-stm32.13.3.rel1.linux64_1.0.0.202410170706/tools/bin/../lib/gcc/arm-none-eabi/13.3.1/thumb/v7e-m+fp/hard/libgcc.a
LOAD /home/eseo-val/st/stm32cubeide_1.18.1/plugins/com.st.stm32cube.ide.mcu.externaltools.gnu-tools-for-stm32.13.3.rel1.linux64_1.0.0.202410170706/tools/bin/../lib/gcc/arm-none-eabi/13.3.1/../../../../arm-none-eabi/lib/thumb/v7e-m+fp/hard/libc_nano.a
END GROUP
START GROUP
LOAD /home/eseo-val/st/stm32cubeide_1.18.1/plugins/com.st.stm32cube.ide.mcu.externaltools.gnu-tools-for-stm32.13.3.rel1.linux64_1.0.0.202410170706/tools/bin/../lib/gcc/arm-none-eabi/13.3.1/thumb/v7e-m+fp/hard/libgcc.a
LOAD /home/eseo-val/st/stm32cubeide_1.18.1/plugins/com.st.stm32cube.ide.mcu.externaltools.gnu-tools-for-stm32.13.3.rel1.linux64_1.0.0.202410170706/tools/bin/../lib/gcc/arm-none-eabi/13.3.1/../../../../arm-none-eabi/lib/thumb/v7e-m+fp/hard/libc_nano.a
LOAD /home/eseo-val/st/stm32cubeide_1.18.1/plugins/com.st.stm32cube.ide.mcu.externaltools.gnu-tools-for-stm32.13.3.rel1.linux64_1.0.0.202410170706/tools/bin/../lib/gcc/arm-none-eabi/13.3.1/../../../../arm-none-eabi/lib/thumb/v7e-m+fp/hard/libnosys.a
END GROUP
START GROUP
LOAD /home/eseo-val/st/stm32cubeide_1.18.1/plugins/com.st.stm32cube.ide.mcu.externaltools.gnu-tools-for-stm32.13.3.rel1.linux64_1.0.0.202410170706/tools/bin/../lib/gcc/arm-none-eabi/13.3.1/thumb/v7e-m+fp/hard/libgcc.a
LOAD /home/eseo-val/st/stm32cubeide_1.18.1/plugins/com.st.stm32cube.ide.mcu.externaltools.gnu-tools-for-stm32.13.3.rel1.linux64_1.0.0.202410170706/tools/bin/../lib/gcc/arm-none-eabi/13.3.1/../../../../arm-none-eabi/lib/thumb/v7e-m+fp/hard/libc_nano.a
LOAD /home/eseo-val/st/stm32cubeide_1.18.1/plugins/com.st.stm32cube.ide.mcu.externaltools.gnu-tools-for-stm32.13.3.rel1.linux64_1.0.0.202410170706/tools/bin/../lib/gcc/arm-none-eabi/13.3.1/../../../../arm-none-eabi/lib/thumb/v7e-m+fp/hard/librdimon_nano.a
END GROUP
START GROUP
LOAD /home/eseo-val/st/stm32cubeide_1.18.1/plugins/com.st.stm32cube.ide.mcu.externaltools.gnu-tools-for-stm32.13.3.rel1.linux64_1.0.0.202410170706/tools/bin/../lib/gcc/arm-none-eabi/13.3.1/thumb/v7e-m+fp/hard/libgcc.a
LOAD /home/eseo-val/st/stm32cubeide_1.18.1/plugins/com.st.stm32cube.ide.mcu.externaltools.gnu-tools-for-stm32.13.3.rel1.linux64_1.0.0.202410170706/tools/bin/../lib/gcc/arm-none-eabi/13.3.1/../../../../arm-none-eabi/lib/thumb/v7e-m+fp/hard/libc_nano.a
LOAD /home/eseo-val/st/stm32cubeide_1.18.1/plugins/com.st.stm32cube.ide.mcu.externaltools.gnu-tools-for-stm32.13.3.rel1.linux64_1.0.0.202410170706/tools/bin/../lib/gcc/arm-none-eabi/13.3.1/../../../../arm-none-eabi/lib/thumb/v7e-m+fp/hard/librdimon_nano.a
LOAD /home/eseo-val/st/stm32cubeide_1.18.1/plugins/com.st.stm32cube.ide.mcu.externaltools.gnu-tools-for-stm32.13.3.rel1.linux64_1.0.0.202410170706/tools/bin/../lib/gcc/arm-none-eabi/13.3.1/../../../../arm-none-eabi/lib/thumb/v7e-m+fp/hard/libnosys.a
END GROUP
LOAD /home/eseo-val/st/stm32cubeide_1.18.1/plugins/com.st.stm32cube.ide.mcu.externaltools.gnu-tools-for-stm32.13.3.rel1.linux64_1.0.0.202410170706/tools/bin/../lib/gcc/arm-none-eabi/13.3.1/thumb/v7e-m+fp/hard/crtend.o
LOAD /home/eseo-val/st/stm32cubeide_1.18.1/plugins/com.st.stm32cube.ide.mcu.externaltools.gnu-tools-for-stm32.13.3.rel1.linux64_1.0.0.202410170706/tools/bin/../lib/gcc/arm-none-eabi/13.3.1/thumb/v7e-m+fp/hard/crtn.o
                0x20008000                        _estack = (ORIGIN (RAM) + LENGTH (RAM))
                0x00000200                        _Min_Heap_Size = 0x200
                0x00000400                        _Min_Stack_Size = 0x400
                0x20007c00                        __Stack_Init = (_estack - _Min_Stack_Size)

.isr_vector     0x08000000      0x1d8
                0x08000000                        . = ALIGN (0x4)
 *(.isr_vector)
 .isr_vector    0x08000000      0x1d8 ./core/Startup/startup_stm32g431kbtx.o
                0x08000000                g_pfnVectors
                0x080001d8                        . = ALIGN (0x4)

.startup        0x080001d8       0x84
                0x080001d8                        . = ALIGN (0x4)
 *(.startup)
 .startup       0x080001d8        0xe ./core/Startup/startup_stm32g431kbtx.o
                0x080001d8                Delay_us
 *(.startup*)
 *fill*         0x080001e6        0x2 
 .startup.Reset_Handler
                0x080001e8       0x70 ./core/Startup/startup_stm32g431kbtx.o
                0x080001e8                Reset_Handler
 .startup.Default_Handler
                0x08000258        0x2 ./core/Startup/startup_stm32g431kbtx.o
                0x08000258                RTC_Alarm_IRQHandler
                0x08000258                TIM8_TRG_COM_IRQHandler
                0x08000258                TIM8_CC_IRQHandler
                0x08000258                TIM1_CC_IRQHandler
                0x08000258                USB_HP_IRQHandler
                0x08000258                CORDIC_IRQHandler
                0x08000258                I2C3_ER_IRQHandler
                0x08000258                I2C2_EV_IRQHandler
                0x08000258                FPU_IRQHandler
                0x08000258                FDCAN1_IT1_IRQHandler
                0x08000258                ADC1_2_IRQHandler
                0x08000258                SPI1_IRQHandler
                0x08000258                TIM8_UP_IRQHandler
                0x08000258                DMA2_Channel2_IRQHandler
                0x08000258                DMA1_Channel4_IRQHandler
                0x08000258                USART3_IRQHandler
                0x08000258                DMA2_Channel1_IRQHandler
                0x08000258                I2C1_EV_IRQHandler
                0x08000258                DMA1_Channel6_IRQHandler
                0x08000258                UART4_IRQHandler
                0x08000258                DMA2_Channel4_IRQHandler
                0x08000258                RCC_IRQHandler
                0x08000258                DMA1_Channel1_IRQHandler
                0x08000258                Default_Handler
                0x08000258                RTC_TAMP_LSECSS_IRQHandler
                0x08000258                FMAC_IRQHandler
                0x08000258                TIM7_IRQHandler
                0x08000258                UCPD1_IRQHandler
                0x08000258                I2C3_EV_IRQHandler
                0x08000258                RTC_WKUP_IRQHandler
                0x08000258                PVD_PVM_IRQHandler
                0x08000258                SPI2_IRQHandler
                0x08000258                DMA2_Channel5_IRQHandler
                0x08000258                CRS_IRQHandler
                0x08000258                DMA1_Channel5_IRQHandler
                0x08000258                USB_LP_IRQHandler
                0x08000258                RNG_IRQHandler
                0x08000258                TIM1_TRG_COM_TIM17_IRQHandler
                0x08000258                DMA1_Channel3_IRQHandler
                0x08000258                WWDG_IRQHandler
                0x08000258                LPUART1_IRQHandler
                0x08000258                DMA2_Channel6_IRQHandler
                0x08000258                FDCAN1_IT0_IRQHandler
                0x08000258                COMP1_2_3_IRQHandler
                0x08000258                I2C2_ER_IRQHandler
                0x08000258                DMA1_Channel2_IRQHandler
                0x08000258                TIM8_BRK_IRQHandler
                0x08000258                FLASH_IRQHandler
                0x08000258                SPI3_IRQHandler
                0x08000258                I2C1_ER_IRQHandler
                0x08000258                LPTIM1_IRQHandler
                0x08000258                DMAMUX_OVR_IRQHandler
                0x08000258                USBWakeUp_IRQHandler
                0x08000258                SAI1_IRQHandler
                0x08000258                DMA2_Channel3_IRQHandler
                0x08000258                COMP4_IRQHandler
                0x08000258                TIM1_BRK_TIM15_IRQHandler
                0x0800025c                        . = ALIGN (0x4)
 *fill*         0x0800025a        0x2 

.bootloader     0x08000800      0x690
                0x08000800                        . = ALIGN (0x4)
 *(.bootloader.begin)
 .bootloader.begin
                0x08000800      0x27c ./core/Startup/bootloader.o
                0x08000800                bootloader
 *(.bootloader)
 .bootloader    0x08000a7c      0x414 ./core/Startup/bootloader.o
                0x08000e90                        . = ALIGN (0x4)

.text           0x08001000     0xb414
                0x08001000                        . = ALIGN (0x4)
 *(.text)
 .text          0x08001000       0x40 /home/eseo-val/st/stm32cubeide_1.18.1/plugins/com.st.stm32cube.ide.mcu.externaltools.gnu-tools-for-stm32.13.3.rel1.linux64_1.0.0.202410170706/tools/bin/../lib/gcc/arm-none-eabi/13.3.1/thumb/v7e-m+fp/hard/crtbegin.o
 .text          0x08001040       0xa0 /home/eseo-val/st/stm32cubeide_1.18.1/plugins/com.st.stm32cube.ide.mcu.externaltools.gnu-tools-for-stm32.13.3.rel1.linux64_1.0.0.202410170706/tools/bin/../lib/gcc/arm-none-eabi/13.3.1/../../../../arm-none-eabi/lib/thumb/v7e-m+fp/hard/libc_nano.a(libc_a-memchr.o)
                0x08001040                memchr
 .text          0x080010e0       0x10 /home/eseo-val/st/stm32cubeide_1.18.1/plugins/com.st.stm32cube.ide.mcu.externaltools.gnu-tools-for-stm32.13.3.rel1.linux64_1.0.0.202410170706/tools/bin/../lib/gcc/arm-none-eabi/13.3.1/../../../../arm-none-eabi/lib/thumb/v7e-m+fp/hard/libc_nano.a(libc_a-strlen.o)
                0x080010e0                strlen
 .text          0x080010f0      0x378 /home/eseo-val/st/stm32cubeide_1.18.1/plugins/com.st.stm32cube.ide.mcu.externaltools.gnu-tools-for-stm32.13.3.rel1.linux64_1.0.0.202410170706/tools/bin/../lib/gcc/arm-none-eabi/13.3.1/thumb/v7e-m+fp/hard/libgcc.a(_arm_addsubdf3.o)
                0x080010f0                __aeabi_drsub
                0x080010f8                __aeabi_dsub
                0x080010f8                __subdf3
                0x080010fc                __adddf3
                0x080010fc                __aeabi_dadd
                0x08001374                __aeabi_ui2d
                0x08001374                __floatunsidf
                0x08001394                __floatsidf
                0x08001394                __aeabi_i2d
                0x080013b8                __extendsfdf2
                0x080013b8                __aeabi_f2d
                0x080013fc                __aeabi_ul2d
                0x080013fc                __floatundidf
                0x0800140c                __floatdidf
                0x0800140c                __aeabi_l2d
 .text          0x08001468      0x424 /home/eseo-val/st/stm32cubeide_1.18.1/plugins/com.st.stm32cube.ide.mcu.externaltools.gnu-tools-for-stm32.13.3.rel1.linux64_1.0.0.202410170706/tools/bin/../lib/gcc/arm-none-eabi/13.3.1/thumb/v7e-m+fp/hard/libgcc.a(_arm_muldivdf3.o)
                0x08001468                __aeabi_dmul
                0x08001468                __muldf3
                0x080016bc                __aeabi_ddiv
                0x080016bc                __divdf3
 .text          0x0800188c      0x110 /home/eseo-val/st/stm32cubeide_1.18.1/plugins/com.st.stm32cube.ide.mcu.externaltools.gnu-tools-for-stm32.13.3.rel1.linux64_1.0.0.202410170706/tools/bin/../lib/gcc/arm-none-eabi/13.3.1/thumb/v7e-m+fp/hard/libgcc.a(_arm_cmpdf2.o)
                0x0800188c                __gtdf2
                0x0800188c                __gedf2
                0x08001894                __ltdf2
                0x08001894                __ledf2
                0x0800189c                __cmpdf2
                0x0800189c                __eqdf2
                0x0800189c                __nedf2
                0x08001918                __aeabi_cdrcmple
                0x08001928                __aeabi_cdcmple
                0x08001928                __aeabi_cdcmpeq
                0x08001938                __aeabi_dcmpeq
                0x0800194c                __aeabi_dcmplt
                0x08001960                __aeabi_dcmple
                0x08001974                __aeabi_dcmpge
                0x08001988                __aeabi_dcmpgt
 .text          0x0800199c       0x2c /home/eseo-val/st/stm32cubeide_1.18.1/plugins/com.st.stm32cube.ide.mcu.externaltools.gnu-tools-for-stm32.13.3.rel1.linux64_1.0.0.202410170706/tools/bin/../lib/gcc/arm-none-eabi/13.3.1/thumb/v7e-m+fp/hard/libgcc.a(_arm_unorddf2.o)
                0x0800199c                __aeabi_dcmpun
                0x0800199c                __unorddf2
 .text          0x080019c8       0x50 /home/eseo-val/st/stm32cubeide_1.18.1/plugins/com.st.stm32cube.ide.mcu.externaltools.gnu-tools-for-stm32.13.3.rel1.linux64_1.0.0.202410170706/tools/bin/../lib/gcc/arm-none-eabi/13.3.1/thumb/v7e-m+fp/hard/libgcc.a(_arm_fixdfsi.o)
                0x080019c8                __fixdfsi
                0x080019c8                __aeabi_d2iz
 .text          0x08001a18       0x30 /home/eseo-val/st/stm32cubeide_1.18.1/plugins/com.st.stm32cube.ide.mcu.externaltools.gnu-tools-for-stm32.13.3.rel1.linux64_1.0.0.202410170706/tools/bin/../lib/gcc/arm-none-eabi/13.3.1/thumb/v7e-m+fp/hard/libgcc.a(_aeabi_uldivmod.o)
                0x08001a18                __aeabi_uldivmod
 .text          0x08001a48      0x2f8 /home/eseo-val/st/stm32cubeide_1.18.1/plugins/com.st.stm32cube.ide.mcu.externaltools.gnu-tools-for-stm32.13.3.rel1.linux64_1.0.0.202410170706/tools/bin/../lib/gcc/arm-none-eabi/13.3.1/thumb/v7e-m+fp/hard/libgcc.a(_udivmoddi4.o)
                0x08001a48                __udivmoddi4
 .text          0x08001d40        0x4 /home/eseo-val/st/stm32cubeide_1.18.1/plugins/com.st.stm32cube.ide.mcu.externaltools.gnu-tools-for-stm32.13.3.rel1.linux64_1.0.0.202410170706/tools/bin/../lib/gcc/arm-none-eabi/13.3.1/thumb/v7e-m+fp/hard/libgcc.a(_dvmd_tls.o)
                0x08001d40                __aeabi_ldiv0
                0x08001d40                __aeabi_idiv0
 *(.text*)
 .text.TRANSITION_vertical_wipe
                0x08001d44       0x50 ./app/actions.o
                0x08001d44                TRANSITION_vertical_wipe
 .text.TRANSITION_apply_with_grid
                0x08001d94       0x38 ./app/actions.o
                0x08001d94                TRANSITION_apply_with_grid
 .text.action_play_pause
                0x08001dcc       0x60 ./app/actions.o
                0x08001dcc                action_play_pause
 .text.action_clear_grid
                0x08001e2c       0x6c ./app/actions.o
                0x08001e2c                action_clear_grid
 .text.action_save_grid
                0x08001e98        0xe ./app/actions.o
                0x08001e98                action_save_grid
 .text.action_open_menu
                0x08001ea6        0xc ./app/actions.o
                0x08001ea6                action_open_menu
 *fill*         0x08001eb2        0x2 
 .text.action_open_settings
                0x08001eb4       0x3c ./app/actions.o
                0x08001eb4                action_open_settings
 .text.action_to_do
                0x08001ef0       0x54 ./app/actions.o
                0x08001ef0                action_to_do
 .text.BUTTONS_init
                0x08001f44       0x8c ./app/button.o
                0x08001f44                BUTTONS_init
 .text.BUTTONS_process_ms
                0x08001fd0       0x24 ./app/button.o
                0x08001fd0                BUTTONS_process_ms
 .text.BUTTONS_update
                0x08001ff4      0x170 ./app/button.o
                0x08001ff4                BUTTONS_update
 .text.DISPLAY_init
                0x08002164       0x68 ./app/display.o
                0x08002164                DISPLAY_init
 .text.DISPLAY_refresh
                0x080021cc       0xf8 ./app/display.o
                0x080021cc                DISPLAY_refresh
 .text.DISPLAY_sync_with_grid
                0x080022c4       0x6c ./app/display.o
                0x080022c4                DISPLAY_sync_with_grid
 .text.GAMEOFLIFE_init
                0x08002330       0x70 ./app/gameoflife.o
                0x08002330                GAMEOFLIFE_init
 .text.GAMEOFLIFE_process_main
                0x080023a0      0x11c ./app/gameoflife.o
                0x080023a0                GAMEOFLIFE_process_main
 .text.GAMEOFLIFE_process_ms
                0x080024bc       0x60 ./app/gameoflife.o
 .text.GAMEOFLIFE_next_generation
                0x0800251c      0x148 ./app/gameoflife.o
 .text.GAMEOFLIFE_touchscreen
                0x08002664       0xe8 ./app/gameoflife.o
                0x08002664                GAMEOFLIFE_touchscreen
 .text.main     0x0800274c       0x44 ./app/main.o
                0x0800274c                main
 .text.MENU_open
                0x08002790       0x20 ./app/menu.o
                0x08002790                MENU_open
 .text.MENU_display
                0x080027b0       0x7c ./app/menu.o
                0x080027b0                MENU_display
 .text.MENU_handle_input
                0x0800282c       0x98 ./app/menu.o
                0x0800282c                MENU_handle_input
 .text.NMI_Handler
                0x080028c4        0x8 ./core/Src/stm32g4xx_it.o
                0x080028c4                NMI_Handler
 .text.HardFault_Handler
                0x080028cc        0x8 ./core/Src/stm32g4xx_it.o
                0x080028cc                HardFault_Handler
 .text.MemManage_Handler
                0x080028d4        0x8 ./core/Src/stm32g4xx_it.o
                0x080028d4                MemManage_Handler
 .text.BusFault_Handler
                0x080028dc        0x8 ./core/Src/stm32g4xx_it.o
                0x080028dc                BusFault_Handler
 .text.UsageFault_Handler
                0x080028e4        0x8 ./core/Src/stm32g4xx_it.o
                0x080028e4                UsageFault_Handler
 .text.SVC_Handler
                0x080028ec        0xe ./core/Src/stm32g4xx_it.o
                0x080028ec                SVC_Handler
 .text.DebugMon_Handler
                0x080028fa        0xe ./core/Src/stm32g4xx_it.o
                0x080028fa                DebugMon_Handler
 .text.PendSV_Handler
                0x08002908        0xe ./core/Src/stm32g4xx_it.o
                0x08002908                PendSV_Handler
 .text._getpid  0x08002916       0x10 ./core/Src/syscalls.o
                0x08002916                _getpid
 .text._kill    0x08002926       0x20 ./core/Src/syscalls.o
                0x08002926                _kill
 .text._exit    0x08002946       0x16 ./core/Src/syscalls.o
                0x08002946                _exit
 .text._fstat   0x0800295c       0x20 ./core/Src/syscalls.o
                0x0800295c                _fstat
 .text._sbrk    0x0800297c       0x6c ./core/Src/sysmem.o
                0x0800297c                _sbrk
 .text.SystemInit
                0x080029e8       0x24 ./core/Src/system_stm32g4xx.o
                0x080029e8                SystemInit
 .text.ILI9341_Init
                0x08002a0c       0xb0 ./drivers/bsp/TFT_ili9341/stm32g4_ili9341.o
                0x08002a0c                ILI9341_Init
 .text.ILI9341_InitLCD
                0x08002abc      0x26c ./drivers/bsp/TFT_ili9341/stm32g4_ili9341.o
                0x08002abc                ILI9341_InitLCD
 .text.ILI9341_SendCommand
                0x08002d28       0x48 ./drivers/bsp/TFT_ili9341/stm32g4_ili9341.o
                0x08002d28                ILI9341_SendCommand
 .text.ILI9341_SendData
                0x08002d70       0x48 ./drivers/bsp/TFT_ili9341/stm32g4_ili9341.o
                0x08002d70                ILI9341_SendData
 .text.ILI9341_DrawPixel
                0x08002db8       0x44 ./drivers/bsp/TFT_ili9341/stm32g4_ili9341.o
                0x08002db8                ILI9341_DrawPixel
 .text.ILI9341_SetCursorPosition
                0x08002dfc       0x92 ./drivers/bsp/TFT_ili9341/stm32g4_ili9341.o
                0x08002dfc                ILI9341_SetCursorPosition
 *fill*         0x08002e8e        0x2 
 .text.ILI9341_Fill
                0x08002e90       0x30 ./drivers/bsp/TFT_ili9341/stm32g4_ili9341.o
                0x08002e90                ILI9341_Fill
 .text.ILI9341_INT_Fill
                0x08002ec0       0xc0 ./drivers/bsp/TFT_ili9341/stm32g4_ili9341.o
                0x08002ec0                ILI9341_INT_Fill
 .text.ILI9341_Rotate
                0x08002f80       0x84 ./drivers/bsp/TFT_ili9341/stm32g4_ili9341.o
                0x08002f80                ILI9341_Rotate
 .text.ILI9341_Puts
                0x08003004       0xe8 ./drivers/bsp/TFT_ili9341/stm32g4_ili9341.o
                0x08003004                ILI9341_Puts
 .text.ILI9341_Putc
                0x080030ec      0x15c ./drivers/bsp/TFT_ili9341/stm32g4_ili9341.o
                0x080030ec                ILI9341_Putc
 .text.ILI9341_DrawFilledRectangle
                0x08003248       0x6c ./drivers/bsp/TFT_ili9341/stm32g4_ili9341.o
                0x08003248                ILI9341_DrawFilledRectangle
 .text.ILI9341_getOptions
                0x080032b4       0x24 ./drivers/bsp/TFT_ili9341/stm32g4_ili9341.o
                0x080032b4                ILI9341_getOptions
 .text.XPT2046_init
                0x080032d8       0x80 ./drivers/bsp/TFT_ili9341/stm32g4_xpt2046.o
                0x080032d8                XPT2046_init
 .text.XPT2046_getCoordinates
                0x08003358      0x1b0 ./drivers/bsp/TFT_ili9341/stm32g4_xpt2046.o
                0x08003358                XPT2046_getCoordinates
 .text.XPT2046_getMedianCoordinates
                0x08003508      0x1aa ./drivers/bsp/TFT_ili9341/stm32g4_xpt2046.o
                0x08003508                XPT2046_getMedianCoordinates
 *fill*         0x080036b2        0x2 
 .text.XPT2046_getReading
                0x080036b4       0x60 ./drivers/bsp/TFT_ili9341/stm32g4_xpt2046.o
 .text.XPT2046_convertCoordinateScreenMode
                0x08003714      0x128 ./drivers/bsp/TFT_ili9341/stm32g4_xpt2046.o
 .text.call_extit_user_callback
                0x0800383c       0x64 ./drivers/bsp/stm32g4_extit.o
 .text.EXTI0_IRQHandler
                0x080038a0        0xe ./drivers/bsp/stm32g4_extit.o
                0x080038a0                EXTI0_IRQHandler
 .text.EXTI1_IRQHandler
                0x080038ae        0xe ./drivers/bsp/stm32g4_extit.o
                0x080038ae                EXTI1_IRQHandler
 .text.EXTI2_IRQHandler
                0x080038bc        0xe ./drivers/bsp/stm32g4_extit.o
                0x080038bc                EXTI2_IRQHandler
 .text.EXTI3_IRQHandler
                0x080038ca        0xe ./drivers/bsp/stm32g4_extit.o
                0x080038ca                EXTI3_IRQHandler
 .text.EXTI4_IRQHandler
                0x080038d8        0xe ./drivers/bsp/stm32g4_extit.o
                0x080038d8                EXTI4_IRQHandler
 .text.EXTI9_5_IRQHandler
                0x080038e6       0x26 ./drivers/bsp/stm32g4_extit.o
                0x080038e6                EXTI9_5_IRQHandler
 .text.EXTI15_10_IRQHandler
                0x0800390c       0x2c ./drivers/bsp/stm32g4_extit.o
                0x0800390c                EXTI15_10_IRQHandler
 .text.BSP_GPIO_enable
                0x08003938       0x80 ./drivers/bsp/stm32g4_gpio.o
                0x08003938                BSP_GPIO_enable
 .text.BSP_GPIO_pin_config
                0x080039b8       0x5c ./drivers/bsp/stm32g4_gpio.o
                0x080039b8                BSP_GPIO_pin_config
 .text.BSP_SPI_Init
                0x08003a14      0x2c8 ./drivers/bsp/stm32g4_spi.o
                0x08003a14                BSP_SPI_Init
 .text.SPI_GPIO_FULLDUPLEX_config
                0x08003cdc      0x13c ./drivers/bsp/stm32g4_spi.o
                0x08003cdc                SPI_GPIO_FULLDUPLEX_config
 .text.SPI_GPIO_HALFDUPLEX_or_TRANSMITONLY_config
                0x08003e18      0x1cc ./drivers/bsp/stm32g4_spi.o
                0x08003e18                SPI_GPIO_HALFDUPLEX_or_TRANSMITONLY_config
 .text.SPI_GPIO_RECEIVEONLY_config
                0x08003fe4      0x1cc ./drivers/bsp/stm32g4_spi.o
                0x08003fe4                SPI_GPIO_RECEIVEONLY_config
 .text.BSP_SPI_ReadNoRegister
                0x080041b0       0x8c ./drivers/bsp/stm32g4_spi.o
                0x080041b0                BSP_SPI_ReadNoRegister
 .text.BSP_SPI_WriteNoRegister
                0x0800423c       0x88 ./drivers/bsp/stm32g4_spi.o
                0x0800423c                BSP_SPI_WriteNoRegister
 .text.BSP_SPI_WriteMultiNoRegister
                0x080042c4       0x8c ./drivers/bsp/stm32g4_spi.o
                0x080042c4                BSP_SPI_WriteMultiNoRegister
 .text.BSP_SPI_SetDataSize
                0x08004350       0x74 ./drivers/bsp/stm32g4_spi.o
                0x08004350                BSP_SPI_SetDataSize
 .text.SPI_Cmd  0x080043c4       0x3a ./drivers/bsp/stm32g4_spi.o
                0x080043c4                SPI_Cmd
 *fill*         0x080043fe        0x2 
 .text.BSP_SPI_setBaudRate
                0x08004400       0xa8 ./drivers/bsp/stm32g4_spi.o
                0x08004400                BSP_SPI_setBaudRate
 .text.BSP_SPI_getBaudrate
                0x080044a8       0x80 ./drivers/bsp/stm32g4_spi.o
                0x080044a8                BSP_SPI_getBaudrate
 .text.BSP_SYS_set_std_usart
                0x08004528       0x4c ./drivers/bsp/stm32g4_sys.o
                0x08004528                BSP_SYS_set_std_usart
 .text.HAL_MspInit
                0x08004574       0x48 ./drivers/bsp/stm32g4_sys.o
                0x08004574                HAL_MspInit
 .text.SystemClock_Config
                0x080045bc       0x96 ./drivers/bsp/stm32g4_sys.o
                0x080045bc                SystemClock_Config
 *fill*         0x08004652        0x2 
 .text._read    0x08004654       0x80 ./drivers/bsp/stm32g4_sys.o
                0x08004654                _read
 .text._write   0x080046d4       0x8c ./drivers/bsp/stm32g4_sys.o
                0x080046d4                _write
 .text.Error_Handler
                0x08004760        0xc ./drivers/bsp/stm32g4_sys.o
                0x08004760                Error_Handler
 .text.BSP_systick_init
                0x0800476c       0x44 ./drivers/bsp/stm32g4_systick.o
                0x0800476c                BSP_systick_init
 .text.BSP_systick_add_callback_function
                0x080047b0       0x58 ./drivers/bsp/stm32g4_systick.o
                0x080047b0                BSP_systick_add_callback_function
 .text.SysTick_Handler
                0x08004808       0x58 ./drivers/bsp/stm32g4_systick.o
                0x08004808                SysTick_Handler
 .text.TIMER1_user_handler_it
                0x08004860        0xe ./drivers/bsp/stm32g4_timer.o
                0x08004860                TIMER1_user_handler_it
 .text.TIMER2_user_handler_it
                0x0800486e        0xe ./drivers/bsp/stm32g4_timer.o
                0x0800486e                TIMER2_user_handler_it
 .text.TIMER3_user_handler_it
                0x0800487c        0xe ./drivers/bsp/stm32g4_timer.o
                0x0800487c                TIMER3_user_handler_it
 .text.TIMER4_user_handler_it
                0x0800488a        0xe ./drivers/bsp/stm32g4_timer.o
                0x0800488a                TIMER4_user_handler_it
 .text.TIMER6_user_handler_it
                0x08004898        0xe ./drivers/bsp/stm32g4_timer.o
                0x08004898                TIMER6_user_handler_it
 *fill*         0x080048a6        0x2 
 .text.TIM1_UP_TIM16_IRQHandler
                0x080048a8       0x28 ./drivers/bsp/stm32g4_timer.o
                0x080048a8                TIM1_UP_TIM16_IRQHandler
 .text.TIM2_IRQHandler
                0x080048d0       0x28 ./drivers/bsp/stm32g4_timer.o
                0x080048d0                TIM2_IRQHandler
 .text.TIM3_IRQHandler
                0x080048f8       0x2c ./drivers/bsp/stm32g4_timer.o
                0x080048f8                TIM3_IRQHandler
 .text.TIM4_IRQHandler
                0x08004924       0x2c ./drivers/bsp/stm32g4_timer.o
                0x08004924                TIM4_IRQHandler
 .text.TIM6_DAC_IRQHandler
                0x08004950       0x2c ./drivers/bsp/stm32g4_timer.o
                0x08004950                TIM6_DAC_IRQHandler
 .text.__NVIC_EnableIRQ
                0x0800497c       0x3c ./drivers/bsp/stm32g4_uart.o
 .text.__NVIC_DisableIRQ
                0x080049b8       0x48 ./drivers/bsp/stm32g4_uart.o
 .text.BSP_UART_data_ready
                0x08004a00       0x3c ./drivers/bsp/stm32g4_uart.o
                0x08004a00                BSP_UART_data_ready
 .text.BSP_UART_get_next_byte
                0x08004a3c       0xbc ./drivers/bsp/stm32g4_uart.o
                0x08004a3c                BSP_UART_get_next_byte
 .text.BSP_UART_putc
                0x08004af8       0x8c ./drivers/bsp/stm32g4_uart.o
                0x08004af8                BSP_UART_putc
 .text.BSP_UART_init
                0x08004b84      0x244 ./drivers/bsp/stm32g4_uart.o
                0x08004b84                BSP_UART_init
 .text.HAL_UART_MspInit
                0x08004dc8      0x104 ./drivers/bsp/stm32g4_uart.o
                0x08004dc8                HAL_UART_MspInit
 .text.USART1_IRQHandler
                0x08004ecc       0x14 ./drivers/bsp/stm32g4_uart.o
                0x08004ecc                USART1_IRQHandler
 .text.USART2_IRQHandler
                0x08004ee0       0x14 ./drivers/bsp/stm32g4_uart.o
                0x08004ee0                USART2_IRQHandler
 .text.HAL_UART_ErrorCallback
                0x08004ef4       0x4c ./drivers/bsp/stm32g4_uart.o
                0x08004ef4                HAL_UART_ErrorCallback
 .text.HAL_UART_RxCpltCallback
                0x08004f40       0xac ./drivers/bsp/stm32g4_uart.o
                0x08004f40                HAL_UART_RxCpltCallback
 .text.HAL_Init
                0x08004fec       0x30 ./drivers/stm32g4xx_hal/Src/stm32g4xx_hal.o
                0x08004fec                HAL_Init
 .text.HAL_InitTick
                0x0800501c       0x74 ./drivers/stm32g4xx_hal/Src/stm32g4xx_hal.o
                0x0800501c                HAL_InitTick
 .text.HAL_IncTick
                0x08005090       0x24 ./drivers/stm32g4xx_hal/Src/stm32g4xx_hal.o
                0x08005090                HAL_IncTick
 .text.HAL_GetTick
                0x080050b4       0x18 ./drivers/stm32g4xx_hal/Src/stm32g4xx_hal.o
                0x080050b4                HAL_GetTick
 .text.HAL_Delay
                0x080050cc       0x44 ./drivers/stm32g4xx_hal/Src/stm32g4xx_hal.o
                0x080050cc                HAL_Delay
 .text.__NVIC_SetPriorityGrouping
                0x08005110       0x48 ./drivers/stm32g4xx_hal/Src/stm32g4xx_hal_cortex.o
 .text.__NVIC_GetPriorityGrouping
                0x08005158       0x1c ./drivers/stm32g4xx_hal/Src/stm32g4xx_hal_cortex.o
 .text.__NVIC_EnableIRQ
                0x08005174       0x3c ./drivers/stm32g4xx_hal/Src/stm32g4xx_hal_cortex.o
 .text.__NVIC_SetPriority
                0x080051b0       0x54 ./drivers/stm32g4xx_hal/Src/stm32g4xx_hal_cortex.o
 .text.NVIC_EncodePriority
                0x08005204       0x66 ./drivers/stm32g4xx_hal/Src/stm32g4xx_hal_cortex.o
 *fill*         0x0800526a        0x2 
 .text.SysTick_Config
                0x0800526c       0x44 ./drivers/stm32g4xx_hal/Src/stm32g4xx_hal_cortex.o
 .text.HAL_NVIC_SetPriorityGrouping
                0x080052b0       0x16 ./drivers/stm32g4xx_hal/Src/stm32g4xx_hal_cortex.o
                0x080052b0                HAL_NVIC_SetPriorityGrouping
 .text.HAL_NVIC_SetPriority
                0x080052c6       0x34 ./drivers/stm32g4xx_hal/Src/stm32g4xx_hal_cortex.o
                0x080052c6                HAL_NVIC_SetPriority
 .text.HAL_NVIC_EnableIRQ
                0x080052fa       0x1c ./drivers/stm32g4xx_hal/Src/stm32g4xx_hal_cortex.o
                0x080052fa                HAL_NVIC_EnableIRQ
 .text.HAL_SYSTICK_Config
                0x08005316       0x18 ./drivers/stm32g4xx_hal/Src/stm32g4xx_hal_cortex.o
                0x08005316                HAL_SYSTICK_Config
 .text.HAL_DMA_Abort
                0x0800532e       0xb2 ./drivers/stm32g4xx_hal/Src/stm32g4xx_hal_dma.o
                0x0800532e                HAL_DMA_Abort
 .text.HAL_DMA_Abort_IT
                0x080053e0       0xce ./drivers/stm32g4xx_hal/Src/stm32g4xx_hal_dma.o
                0x080053e0                HAL_DMA_Abort_IT
 *fill*         0x080054ae        0x2 
 .text.HAL_GPIO_Init
                0x080054b0      0x304 ./drivers/stm32g4xx_hal/Src/stm32g4xx_hal_gpio.o
                0x080054b0                HAL_GPIO_Init
 .text.HAL_GPIO_ReadPin
                0x080057b4       0x30 ./drivers/stm32g4xx_hal/Src/stm32g4xx_hal_gpio.o
                0x080057b4                HAL_GPIO_ReadPin
 .text.HAL_GPIO_WritePin
                0x080057e4       0x30 ./drivers/stm32g4xx_hal/Src/stm32g4xx_hal_gpio.o
                0x080057e4                HAL_GPIO_WritePin
 .text.HAL_PWREx_ControlVoltageScaling
                0x08005814      0x148 ./drivers/stm32g4xx_hal/Src/stm32g4xx_hal_pwr_ex.o
                0x08005814                HAL_PWREx_ControlVoltageScaling
 .text.HAL_PWREx_DisableUCPDDeadBattery
                0x0800595c       0x20 ./drivers/stm32g4xx_hal/Src/stm32g4xx_hal_pwr_ex.o
                0x0800595c                HAL_PWREx_DisableUCPDDeadBattery
 .text.HAL_RCC_OscConfig
                0x0800597c      0x624 ./drivers/stm32g4xx_hal/Src/stm32g4xx_hal_rcc.o
                0x0800597c                HAL_RCC_OscConfig
 .text.HAL_RCC_ClockConfig
                0x08005fa0      0x278 ./drivers/stm32g4xx_hal/Src/stm32g4xx_hal_rcc.o
                0x08005fa0                HAL_RCC_ClockConfig
 .text.HAL_RCC_GetSysClockFreq
                0x08006218       0xc4 ./drivers/stm32g4xx_hal/Src/stm32g4xx_hal_rcc.o
                0x08006218                HAL_RCC_GetSysClockFreq
 .text.HAL_RCC_GetHCLKFreq
                0x080062dc       0x18 ./drivers/stm32g4xx_hal/Src/stm32g4xx_hal_rcc.o
                0x080062dc                HAL_RCC_GetHCLKFreq
 .text.HAL_RCC_GetPCLK1Freq
                0x080062f4       0x2c ./drivers/stm32g4xx_hal/Src/stm32g4xx_hal_rcc.o
                0x080062f4                HAL_RCC_GetPCLK1Freq
 .text.HAL_RCC_GetPCLK2Freq
                0x08006320       0x2c ./drivers/stm32g4xx_hal/Src/stm32g4xx_hal_rcc.o
                0x08006320                HAL_RCC_GetPCLK2Freq
 .text.RCC_GetSysClockFreqFromPLLSource
                0x0800634c       0x8c ./drivers/stm32g4xx_hal/Src/stm32g4xx_hal_rcc.o
 .text.HAL_RCCEx_PeriphCLKConfig
                0x080063d8      0x3e0 ./drivers/stm32g4xx_hal/Src/stm32g4xx_hal_rcc_ex.o
                0x080063d8                HAL_RCCEx_PeriphCLKConfig
 .text.HAL_SPI_Init
                0x080067b8      0x156 ./drivers/stm32g4xx_hal/Src/stm32g4xx_hal_spi.o
                0x080067b8                HAL_SPI_Init
 .text.HAL_SPI_MspInit
                0x0800690e       0x14 ./drivers/stm32g4xx_hal/Src/stm32g4xx_hal_spi.o
                0x0800690e                HAL_SPI_MspInit
 .text.HAL_SPI_Transmit
                0x08006922      0x2ea ./drivers/stm32g4xx_hal/Src/stm32g4xx_hal_spi.o
                0x08006922                HAL_SPI_Transmit
 .text.HAL_SPI_Receive
                0x08006c0c      0x26e ./drivers/stm32g4xx_hal/Src/stm32g4xx_hal_spi.o
                0x08006c0c                HAL_SPI_Receive
 .text.HAL_SPI_TransmitReceive
                0x08006e7a      0x444 ./drivers/stm32g4xx_hal/Src/stm32g4xx_hal_spi.o
                0x08006e7a                HAL_SPI_TransmitReceive
 *fill*         0x080072be        0x2 
 .text.SPI_WaitFlagStateUntilTimeout
                0x080072c0      0x110 ./drivers/stm32g4xx_hal/Src/stm32g4xx_hal_spi.o
 .text.SPI_WaitFifoStateUntilTimeout
                0x080073d0      0x12c ./drivers/stm32g4xx_hal/Src/stm32g4xx_hal_spi.o
 .text.SPI_EndRxTransaction
                0x080074fc       0xb0 ./drivers/stm32g4xx_hal/Src/stm32g4xx_hal_spi.o
 .text.SPI_EndRxTxTransaction
                0x080075ac       0x8c ./drivers/stm32g4xx_hal/Src/stm32g4xx_hal_spi.o
 .text.HAL_UART_Init
                0x08007638       0xa0 ./drivers/stm32g4xx_hal/Src/stm32g4xx_hal_uart.o
                0x08007638                HAL_UART_Init
 .text.HAL_UART_Transmit
                0x080076d8      0x11c ./drivers/stm32g4xx_hal/Src/stm32g4xx_hal_uart.o
                0x080076d8                HAL_UART_Transmit
 .text.HAL_UART_Receive_IT
                0x080077f4       0x98 ./drivers/stm32g4xx_hal/Src/stm32g4xx_hal_uart.o
                0x080077f4                HAL_UART_Receive_IT
 .text.HAL_UART_IRQHandler
                0x0800788c      0x648 ./drivers/stm32g4xx_hal/Src/stm32g4xx_hal_uart.o
                0x0800788c                HAL_UART_IRQHandler
 .text.HAL_UART_TxCpltCallback
                0x08007ed4       0x14 ./drivers/stm32g4xx_hal/Src/stm32g4xx_hal_uart.o
                0x08007ed4                HAL_UART_TxCpltCallback
 .text.HAL_UARTEx_RxEventCallback
                0x08007ee8       0x18 ./drivers/stm32g4xx_hal/Src/stm32g4xx_hal_uart.o
                0x08007ee8                HAL_UARTEx_RxEventCallback
 .text.UART_SetConfig
                0x08007f00      0x598 ./drivers/stm32g4xx_hal/Src/stm32g4xx_hal_uart.o
                0x08007f00                UART_SetConfig
 .text.UART_AdvFeatureConfig
                0x08008498      0x144 ./drivers/stm32g4xx_hal/Src/stm32g4xx_hal_uart.o
                0x08008498                UART_AdvFeatureConfig
 .text.UART_CheckIdleState
                0x080085dc      0x154 ./drivers/stm32g4xx_hal/Src/stm32g4xx_hal_uart.o
                0x080085dc                UART_CheckIdleState
 .text.UART_WaitOnFlagUntilTimeout
                0x08008730       0xda ./drivers/stm32g4xx_hal/Src/stm32g4xx_hal_uart.o
                0x08008730                UART_WaitOnFlagUntilTimeout
 *fill*         0x0800880a        0x2 
 .text.UART_Start_Receive_IT
                0x0800880c      0x244 ./drivers/stm32g4xx_hal/Src/stm32g4xx_hal_uart.o
                0x0800880c                UART_Start_Receive_IT
 .text.UART_EndRxTransfer
                0x08008a50       0xcc ./drivers/stm32g4xx_hal/Src/stm32g4xx_hal_uart.o
 .text.UART_DMAAbortOnError
                0x08008b1c       0x2c ./drivers/stm32g4xx_hal/Src/stm32g4xx_hal_uart.o
 .text.UART_EndTransmit_IT
                0x08008b48       0x56 ./drivers/stm32g4xx_hal/Src/stm32g4xx_hal_uart.o
 *fill*         0x08008b9e        0x2 
 .text.UART_RxISR_8BIT
                0x08008ba0      0x1b8 ./drivers/stm32g4xx_hal/Src/stm32g4xx_hal_uart.o
 .text.UART_RxISR_16BIT
                0x08008d58      0x1b8 ./drivers/stm32g4xx_hal/Src/stm32g4xx_hal_uart.o
 .text.UART_RxISR_8BIT_FIFOEN
                0x08008f10      0x360 ./drivers/stm32g4xx_hal/Src/stm32g4xx_hal_uart.o
 .text.UART_RxISR_16BIT_FIFOEN
                0x08009270      0x368 ./drivers/stm32g4xx_hal/Src/stm32g4xx_hal_uart.o
 .text.HAL_UARTEx_WakeupCallback
                0x080095d8       0x14 ./drivers/stm32g4xx_hal/Src/stm32g4xx_hal_uart_ex.o
                0x080095d8                HAL_UARTEx_WakeupCallback
 .text.HAL_UARTEx_RxFifoFullCallback
                0x080095ec       0x14 ./drivers/stm32g4xx_hal/Src/stm32g4xx_hal_uart_ex.o
                0x080095ec                HAL_UARTEx_RxFifoFullCallback
 .text.HAL_UARTEx_TxFifoEmptyCallback
                0x08009600       0x14 ./drivers/stm32g4xx_hal/Src/stm32g4xx_hal_uart_ex.o
                0x08009600                HAL_UARTEx_TxFifoEmptyCallback
 .text.HAL_UARTEx_DisableFifoMode
                0x08009614       0x72 ./drivers/stm32g4xx_hal/Src/stm32g4xx_hal_uart_ex.o
                0x08009614                HAL_UARTEx_DisableFifoMode
 .text.HAL_UARTEx_SetTxFifoThreshold
                0x08009686       0x7c ./drivers/stm32g4xx_hal/Src/stm32g4xx_hal_uart_ex.o
                0x08009686                HAL_UARTEx_SetTxFifoThreshold
 .text.HAL_UARTEx_SetRxFifoThreshold
                0x08009702       0x7c ./drivers/stm32g4xx_hal/Src/stm32g4xx_hal_uart_ex.o
                0x08009702                HAL_UARTEx_SetRxFifoThreshold
 *fill*         0x0800977e        0x2 
 .text.UARTEx_SetNbDataToProcess
                0x08009780       0x9c ./drivers/stm32g4xx_hal/Src/stm32g4xx_hal_uart_ex.o
 .text.__assert_func
                0x0800981c       0x3c /home/eseo-val/st/stm32cubeide_1.18.1/plugins/com.st.stm32cube.ide.mcu.externaltools.gnu-tools-for-stm32.13.3.rel1.linux64_1.0.0.202410170706/tools/bin/../lib/gcc/arm-none-eabi/13.3.1/../../../../arm-none-eabi/lib/thumb/v7e-m+fp/hard/libc_nano.a(libc_a-assert.o)
                0x0800981c                __assert_func
 .text.__cvt    0x08009858       0xca /home/eseo-val/st/stm32cubeide_1.18.1/plugins/com.st.stm32cube.ide.mcu.externaltools.gnu-tools-for-stm32.13.3.rel1.linux64_1.0.0.202410170706/tools/bin/../lib/gcc/arm-none-eabi/13.3.1/../../../../arm-none-eabi/lib/thumb/v7e-m+fp/hard/libc_nano.a(libc_a-nano-vfprintf_float.o)
                0x08009858                __cvt
 .text.__exponent
                0x08009922       0x74 /home/eseo-val/st/stm32cubeide_1.18.1/plugins/com.st.stm32cube.ide.mcu.externaltools.gnu-tools-for-stm32.13.3.rel1.linux64_1.0.0.202410170706/tools/bin/../lib/gcc/arm-none-eabi/13.3.1/../../../../arm-none-eabi/lib/thumb/v7e-m+fp/hard/libc_nano.a(libc_a-nano-vfprintf_float.o)
                0x08009922                __exponent
 *fill*         0x08009996        0x2 
 .text._printf_float
                0x08009998      0x454 /home/eseo-val/st/stm32cubeide_1.18.1/plugins/com.st.stm32cube.ide.mcu.externaltools.gnu-tools-for-stm32.13.3.rel1.linux64_1.0.0.202410170706/tools/bin/../lib/gcc/arm-none-eabi/13.3.1/../../../../arm-none-eabi/lib/thumb/v7e-m+fp/hard/libc_nano.a(libc_a-nano-vfprintf_float.o)
                0x08009998                _printf_float
 .text._printf_common
                0x08009dec       0xda /home/eseo-val/st/stm32cubeide_1.18.1/plugins/com.st.stm32cube.ide.mcu.externaltools.gnu-tools-for-stm32.13.3.rel1.linux64_1.0.0.202410170706/tools/bin/../lib/gcc/arm-none-eabi/13.3.1/../../../../arm-none-eabi/lib/thumb/v7e-m+fp/hard/libc_nano.a(libc_a-nano-vfprintf_i.o)
                0x08009dec                _printf_common
 *fill*         0x08009ec6        0x2 
 .text._printf_i
                0x08009ec8      0x23c /home/eseo-val/st/stm32cubeide_1.18.1/plugins/com.st.stm32cube.ide.mcu.externaltools.gnu-tools-for-stm32.13.3.rel1.linux64_1.0.0.202410170706/tools/bin/../lib/gcc/arm-none-eabi/13.3.1/../../../../arm-none-eabi/lib/thumb/v7e-m+fp/hard/libc_nano.a(libc_a-nano-vfprintf_i.o)
                0x08009ec8                _printf_i
 .text.std      0x0800a104       0x6c /home/eseo-val/st/stm32cubeide_1.18.1/plugins/com.st.stm32cube.ide.mcu.externaltools.gnu-tools-for-stm32.13.3.rel1.linux64_1.0.0.202410170706/tools/bin/../lib/gcc/arm-none-eabi/13.3.1/../../../../arm-none-eabi/lib/thumb/v7e-m+fp/hard/libc_nano.a(libc_a-findfp.o)
 .text.stdio_exit_handler
                0x0800a170       0x18 /home/eseo-val/st/stm32cubeide_1.18.1/plugins/com.st.stm32cube.ide.mcu.externaltools.gnu-tools-for-stm32.13.3.rel1.linux64_1.0.0.202410170706/tools/bin/../lib/gcc/arm-none-eabi/13.3.1/../../../../arm-none-eabi/lib/thumb/v7e-m+fp/hard/libc_nano.a(libc_a-findfp.o)
 .text.cleanup_stdio
                0x0800a188       0x40 /home/eseo-val/st/stm32cubeide_1.18.1/plugins/com.st.stm32cube.ide.mcu.externaltools.gnu-tools-for-stm32.13.3.rel1.linux64_1.0.0.202410170706/tools/bin/../lib/gcc/arm-none-eabi/13.3.1/../../../../arm-none-eabi/lib/thumb/v7e-m+fp/hard/libc_nano.a(libc_a-findfp.o)
 .text.global_stdio_init.part.0
                0x0800a1c8       0x3c /home/eseo-val/st/stm32cubeide_1.18.1/plugins/com.st.stm32cube.ide.mcu.externaltools.gnu-tools-for-stm32.13.3.rel1.linux64_1.0.0.202410170706/tools/bin/../lib/gcc/arm-none-eabi/13.3.1/../../../../arm-none-eabi/lib/thumb/v7e-m+fp/hard/libc_nano.a(libc_a-findfp.o)
 .text.__sfp_lock_acquire
                0x0800a204        0xc /home/eseo-val/st/stm32cubeide_1.18.1/plugins/com.st.stm32cube.ide.mcu.externaltools.gnu-tools-for-stm32.13.3.rel1.linux64_1.0.0.202410170706/tools/bin/../lib/gcc/arm-none-eabi/13.3.1/../../../../arm-none-eabi/lib/thumb/v7e-m+fp/hard/libc_nano.a(libc_a-findfp.o)
                0x0800a204                __sfp_lock_acquire
 .text.__sfp_lock_release
                0x0800a210        0xc /home/eseo-val/st/stm32cubeide_1.18.1/plugins/com.st.stm32cube.ide.mcu.externaltools.gnu-tools-for-stm32.13.3.rel1.linux64_1.0.0.202410170706/tools/bin/../lib/gcc/arm-none-eabi/13.3.1/../../../../arm-none-eabi/lib/thumb/v7e-m+fp/hard/libc_nano.a(libc_a-findfp.o)
                0x0800a210                __sfp_lock_release
 .text.__sinit  0x0800a21c       0x30 /home/eseo-val/st/stm32cubeide_1.18.1/plugins/com.st.stm32cube.ide.mcu.externaltools.gnu-tools-for-stm32.13.3.rel1.linux64_1.0.0.202410170706/tools/bin/../lib/gcc/arm-none-eabi/13.3.1/../../../../arm-none-eabi/lib/thumb/v7e-m+fp/hard/libc_nano.a(libc_a-findfp.o)
                0x0800a21c                __sinit
 .text.fprintf  0x0800a24c       0x24 /home/eseo-val/st/stm32cubeide_1.18.1/plugins/com.st.stm32cube.ide.mcu.externaltools.gnu-tools-for-stm32.13.3.rel1.linux64_1.0.0.202410170706/tools/bin/../lib/gcc/arm-none-eabi/13.3.1/../../../../arm-none-eabi/lib/thumb/v7e-m+fp/hard/libc_nano.a(libc_a-fprintf.o)
                0x0800a24c                fprintf
                0x0800a24c                fiprintf
 .text._fwalk_sglue
                0x0800a270       0x3c /home/eseo-val/st/stm32cubeide_1.18.1/plugins/com.st.stm32cube.ide.mcu.externaltools.gnu-tools-for-stm32.13.3.rel1.linux64_1.0.0.202410170706/tools/bin/../lib/gcc/arm-none-eabi/13.3.1/../../../../arm-none-eabi/lib/thumb/v7e-m+fp/hard/libc_nano.a(libc_a-fwalk.o)
                0x0800a270                _fwalk_sglue
 .text.setvbuf  0x0800a2ac      0x168 /home/eseo-val/st/stm32cubeide_1.18.1/plugins/com.st.stm32cube.ide.mcu.externaltools.gnu-tools-for-stm32.13.3.rel1.linux64_1.0.0.202410170706/tools/bin/../lib/gcc/arm-none-eabi/13.3.1/../../../../arm-none-eabi/lib/thumb/v7e-m+fp/hard/libc_nano.a(libc_a-setvbuf.o)
                0x0800a2ac                setvbuf
 .text.__sread  0x0800a414       0x22 /home/eseo-val/st/stm32cubeide_1.18.1/plugins/com.st.stm32cube.ide.mcu.externaltools.gnu-tools-for-stm32.13.3.rel1.linux64_1.0.0.202410170706/tools/bin/../lib/gcc/arm-none-eabi/13.3.1/../../../../arm-none-eabi/lib/thumb/v7e-m+fp/hard/libc_nano.a(libc_a-stdio.o)
                0x0800a414                __sread
 .text.__swrite
                0x0800a436       0x38 /home/eseo-val/st/stm32cubeide_1.18.1/plugins/com.st.stm32cube.ide.mcu.externaltools.gnu-tools-for-stm32.13.3.rel1.linux64_1.0.0.202410170706/tools/bin/../lib/gcc/arm-none-eabi/13.3.1/../../../../arm-none-eabi/lib/thumb/v7e-m+fp/hard/libc_nano.a(libc_a-stdio.o)
                0x0800a436                __swrite
 .text.__sseek  0x0800a46e       0x24 /home/eseo-val/st/stm32cubeide_1.18.1/plugins/com.st.stm32cube.ide.mcu.externaltools.gnu-tools-for-stm32.13.3.rel1.linux64_1.0.0.202410170706/tools/bin/../lib/gcc/arm-none-eabi/13.3.1/../../../../arm-none-eabi/lib/thumb/v7e-m+fp/hard/libc_nano.a(libc_a-stdio.o)
                0x0800a46e                __sseek
 .text.__sclose
                0x0800a492        0x8 /home/eseo-val/st/stm32cubeide_1.18.1/plugins/com.st.stm32cube.ide.mcu.externaltools.gnu-tools-for-stm32.13.3.rel1.linux64_1.0.0.202410170706/tools/bin/../lib/gcc/arm-none-eabi/13.3.1/../../../../arm-none-eabi/lib/thumb/v7e-m+fp/hard/libc_nano.a(libc_a-stdio.o)
                0x0800a492                __sclose
 .text.memset   0x0800a49a       0x10 /home/eseo-val/st/stm32cubeide_1.18.1/plugins/com.st.stm32cube.ide.mcu.externaltools.gnu-tools-for-stm32.13.3.rel1.linux64_1.0.0.202410170706/tools/bin/../lib/gcc/arm-none-eabi/13.3.1/../../../../arm-none-eabi/lib/thumb/v7e-m+fp/hard/libc_nano.a(libc_a-memset.o)
                0x0800a49a                memset
 *fill*         0x0800a4aa        0x2 
 .text._localeconv_r
                0x0800a4ac        0x8 /home/eseo-val/st/stm32cubeide_1.18.1/plugins/com.st.stm32cube.ide.mcu.externaltools.gnu-tools-for-stm32.13.3.rel1.linux64_1.0.0.202410170706/tools/bin/../lib/gcc/arm-none-eabi/13.3.1/../../../../arm-none-eabi/lib/thumb/v7e-m+fp/hard/libc_nano.a(libc_a-localeconv.o)
                0x0800a4ac                _localeconv_r
 .text._close_r
                0x0800a4b4       0x20 /home/eseo-val/st/stm32cubeide_1.18.1/plugins/com.st.stm32cube.ide.mcu.externaltools.gnu-tools-for-stm32.13.3.rel1.linux64_1.0.0.202410170706/tools/bin/../lib/gcc/arm-none-eabi/13.3.1/../../../../arm-none-eabi/lib/thumb/v7e-m+fp/hard/libc_nano.a(libc_a-closer.o)
                0x0800a4b4                _close_r
 .text._lseek_r
                0x0800a4d4       0x24 /home/eseo-val/st/stm32cubeide_1.18.1/plugins/com.st.stm32cube.ide.mcu.externaltools.gnu-tools-for-stm32.13.3.rel1.linux64_1.0.0.202410170706/tools/bin/../lib/gcc/arm-none-eabi/13.3.1/../../../../arm-none-eabi/lib/thumb/v7e-m+fp/hard/libc_nano.a(libc_a-lseekr.o)
                0x0800a4d4                _lseek_r
 .text._read_r  0x0800a4f8       0x24 /home/eseo-val/st/stm32cubeide_1.18.1/plugins/com.st.stm32cube.ide.mcu.externaltools.gnu-tools-for-stm32.13.3.rel1.linux64_1.0.0.202410170706/tools/bin/../lib/gcc/arm-none-eabi/13.3.1/../../../../arm-none-eabi/lib/thumb/v7e-m+fp/hard/libc_nano.a(libc_a-readr.o)
                0x0800a4f8                _read_r
 .text._write_r
                0x0800a51c       0x24 /home/eseo-val/st/stm32cubeide_1.18.1/plugins/com.st.stm32cube.ide.mcu.externaltools.gnu-tools-for-stm32.13.3.rel1.linux64_1.0.0.202410170706/tools/bin/../lib/gcc/arm-none-eabi/13.3.1/../../../../arm-none-eabi/lib/thumb/v7e-m+fp/hard/libc_nano.a(libc_a-writer.o)
                0x0800a51c                _write_r
 .text.__errno  0x0800a540        0xc /home/eseo-val/st/stm32cubeide_1.18.1/plugins/com.st.stm32cube.ide.mcu.externaltools.gnu-tools-for-stm32.13.3.rel1.linux64_1.0.0.202410170706/tools/bin/../lib/gcc/arm-none-eabi/13.3.1/../../../../arm-none-eabi/lib/thumb/v7e-m+fp/hard/libc_nano.a(libc_a-errno.o)
                0x0800a540                __errno
 .text.__libc_init_array
                0x0800a54c       0x48 /home/eseo-val/st/stm32cubeide_1.18.1/plugins/com.st.stm32cube.ide.mcu.externaltools.gnu-tools-for-stm32.13.3.rel1.linux64_1.0.0.202410170706/tools/bin/../lib/gcc/arm-none-eabi/13.3.1/../../../../arm-none-eabi/lib/thumb/v7e-m+fp/hard/libc_nano.a(libc_a-init.o)
                0x0800a54c                __libc_init_array
 .text.__retarget_lock_init_recursive
                0x0800a594        0x2 /home/eseo-val/st/stm32cubeide_1.18.1/plugins/com.st.stm32cube.ide.mcu.externaltools.gnu-tools-for-stm32.13.3.rel1.linux64_1.0.0.202410170706/tools/bin/../lib/gcc/arm-none-eabi/13.3.1/../../../../arm-none-eabi/lib/thumb/v7e-m+fp/hard/libc_nano.a(libc_a-lock.o)
                0x0800a594                __retarget_lock_init_recursive
 .text.__retarget_lock_acquire_recursive
                0x0800a596        0x2 /home/eseo-val/st/stm32cubeide_1.18.1/plugins/com.st.stm32cube.ide.mcu.externaltools.gnu-tools-for-stm32.13.3.rel1.linux64_1.0.0.202410170706/tools/bin/../lib/gcc/arm-none-eabi/13.3.1/../../../../arm-none-eabi/lib/thumb/v7e-m+fp/hard/libc_nano.a(libc_a-lock.o)
                0x0800a596                __retarget_lock_acquire_recursive
 .text.__retarget_lock_release_recursive
                0x0800a598        0x2 /home/eseo-val/st/stm32cubeide_1.18.1/plugins/com.st.stm32cube.ide.mcu.externaltools.gnu-tools-for-stm32.13.3.rel1.linux64_1.0.0.202410170706/tools/bin/../lib/gcc/arm-none-eabi/13.3.1/../../../../arm-none-eabi/lib/thumb/v7e-m+fp/hard/libc_nano.a(libc_a-lock.o)
                0x0800a598                __retarget_lock_release_recursive
 .text.abort    0x0800a59a        0xe /home/eseo-val/st/stm32cubeide_1.18.1/plugins/com.st.stm32cube.ide.mcu.externaltools.gnu-tools-for-stm32.13.3.rel1.linux64_1.0.0.202410170706/tools/bin/../lib/gcc/arm-none-eabi/13.3.1/../../../../arm-none-eabi/lib/thumb/v7e-m+fp/hard/libc_nano.a(libc_a-abort.o)
                0x0800a59a                abort
 .text.quorem   0x0800a5a8      0x110 /home/eseo-val/st/stm32cubeide_1.18.1/plugins/com.st.stm32cube.ide.mcu.externaltools.gnu-tools-for-stm32.13.3.rel1.linux64_1.0.0.202410170706/tools/bin/../lib/gcc/arm-none-eabi/13.3.1/../../../../arm-none-eabi/lib/thumb/v7e-m+fp/hard/libc_nano.a(libc_a-dtoa.o)
 .text._dtoa_r  0x0800a6b8      0xba0 /home/eseo-val/st/stm32cubeide_1.18.1/plugins/com.st.stm32cube.ide.mcu.externaltools.gnu-tools-for-stm32.13.3.rel1.linux64_1.0.0.202410170706/tools/bin/../lib/gcc/arm-none-eabi/13.3.1/../../../../arm-none-eabi/lib/thumb/v7e-m+fp/hard/libc_nano.a(libc_a-dtoa.o)
                0x0800a6b8                _dtoa_r
 .text._free_r  0x0800b258       0x94 /home/eseo-val/st/stm32cubeide_1.18.1/plugins/com.st.stm32cube.ide.mcu.externaltools.gnu-tools-for-stm32.13.3.rel1.linux64_1.0.0.202410170706/tools/bin/../lib/gcc/arm-none-eabi/13.3.1/../../../../arm-none-eabi/lib/thumb/v7e-m+fp/hard/libc_nano.a(libc_a-freer.o)
                0x0800b258                _free_r
 .text.malloc   0x0800b2ec       0x10 /home/eseo-val/st/stm32cubeide_1.18.1/plugins/com.st.stm32cube.ide.mcu.externaltools.gnu-tools-for-stm32.13.3.rel1.linux64_1.0.0.202410170706/tools/bin/../lib/gcc/arm-none-eabi/13.3.1/../../../../arm-none-eabi/lib/thumb/v7e-m+fp/hard/libc_nano.a(libc_a-malloc.o)
                0x0800b2ec                malloc
 .text.sbrk_aligned
                0x0800b2fc       0x44 /home/eseo-val/st/stm32cubeide_1.18.1/plugins/com.st.stm32cube.ide.mcu.externaltools.gnu-tools-for-stm32.13.3.rel1.linux64_1.0.0.202410170706/tools/bin/../lib/gcc/arm-none-eabi/13.3.1/../../../../arm-none-eabi/lib/thumb/v7e-m+fp/hard/libc_nano.a(libc_a-mallocr.o)
 .text._malloc_r
                0x0800b340      0x100 /home/eseo-val/st/stm32cubeide_1.18.1/plugins/com.st.stm32cube.ide.mcu.externaltools.gnu-tools-for-stm32.13.3.rel1.linux64_1.0.0.202410170706/tools/bin/../lib/gcc/arm-none-eabi/13.3.1/../../../../arm-none-eabi/lib/thumb/v7e-m+fp/hard/libc_nano.a(libc_a-mallocr.o)
                0x0800b340                _malloc_r
 .text.__malloc_lock
                0x0800b440        0xc /home/eseo-val/st/stm32cubeide_1.18.1/plugins/com.st.stm32cube.ide.mcu.externaltools.gnu-tools-for-stm32.13.3.rel1.linux64_1.0.0.202410170706/tools/bin/../lib/gcc/arm-none-eabi/13.3.1/../../../../arm-none-eabi/lib/thumb/v7e-m+fp/hard/libc_nano.a(libc_a-mlock.o)
                0x0800b440                __malloc_lock
 .text.__malloc_unlock
                0x0800b44c        0xc /home/eseo-val/st/stm32cubeide_1.18.1/plugins/com.st.stm32cube.ide.mcu.externaltools.gnu-tools-for-stm32.13.3.rel1.linux64_1.0.0.202410170706/tools/bin/../lib/gcc/arm-none-eabi/13.3.1/../../../../arm-none-eabi/lib/thumb/v7e-m+fp/hard/libc_nano.a(libc_a-mlock.o)
                0x0800b44c                __malloc_unlock
 .text._Balloc  0x0800b458       0x80 /home/eseo-val/st/stm32cubeide_1.18.1/plugins/com.st.stm32cube.ide.mcu.externaltools.gnu-tools-for-stm32.13.3.rel1.linux64_1.0.0.202410170706/tools/bin/../lib/gcc/arm-none-eabi/13.3.1/../../../../arm-none-eabi/lib/thumb/v7e-m+fp/hard/libc_nano.a(libc_a-mprec.o)
                0x0800b458                _Balloc
 .text._Bfree   0x0800b4d8       0x44 /home/eseo-val/st/stm32cubeide_1.18.1/plugins/com.st.stm32cube.ide.mcu.externaltools.gnu-tools-for-stm32.13.3.rel1.linux64_1.0.0.202410170706/tools/bin/../lib/gcc/arm-none-eabi/13.3.1/../../../../arm-none-eabi/lib/thumb/v7e-m+fp/hard/libc_nano.a(libc_a-mprec.o)
                0x0800b4d8                _Bfree
 .text.__multadd
                0x0800b51c       0x8c /home/eseo-val/st/stm32cubeide_1.18.1/plugins/com.st.stm32cube.ide.mcu.externaltools.gnu-tools-for-stm32.13.3.rel1.linux64_1.0.0.202410170706/tools/bin/../lib/gcc/arm-none-eabi/13.3.1/../../../../arm-none-eabi/lib/thumb/v7e-m+fp/hard/libc_nano.a(libc_a-mprec.o)
                0x0800b51c                __multadd
 .text.__hi0bits
                0x0800b5a8       0x3e /home/eseo-val/st/stm32cubeide_1.18.1/plugins/com.st.stm32cube.ide.mcu.externaltools.gnu-tools-for-stm32.13.3.rel1.linux64_1.0.0.202410170706/tools/bin/../lib/gcc/arm-none-eabi/13.3.1/../../../../arm-none-eabi/lib/thumb/v7e-m+fp/hard/libc_nano.a(libc_a-mprec.o)
                0x0800b5a8                __hi0bits
 .text.__lo0bits
                0x0800b5e6       0x5a /home/eseo-val/st/stm32cubeide_1.18.1/plugins/com.st.stm32cube.ide.mcu.externaltools.gnu-tools-for-stm32.13.3.rel1.linux64_1.0.0.202410170706/tools/bin/../lib/gcc/arm-none-eabi/13.3.1/../../../../arm-none-eabi/lib/thumb/v7e-m+fp/hard/libc_nano.a(libc_a-mprec.o)
                0x0800b5e6                __lo0bits
 .text.__i2b    0x0800b640       0x2c /home/eseo-val/st/stm32cubeide_1.18.1/plugins/com.st.stm32cube.ide.mcu.externaltools.gnu-tools-for-stm32.13.3.rel1.linux64_1.0.0.202410170706/tools/bin/../lib/gcc/arm-none-eabi/13.3.1/../../../../arm-none-eabi/lib/thumb/v7e-m+fp/hard/libc_nano.a(libc_a-mprec.o)
                0x0800b640                __i2b
 .text.__multiply
                0x0800b66c      0x144 /home/eseo-val/st/stm32cubeide_1.18.1/plugins/com.st.stm32cube.ide.mcu.externaltools.gnu-tools-for-stm32.13.3.rel1.linux64_1.0.0.202410170706/tools/bin/../lib/gcc/arm-none-eabi/13.3.1/../../../../arm-none-eabi/lib/thumb/v7e-m+fp/hard/libc_nano.a(libc_a-mprec.o)
                0x0800b66c                __multiply
 .text.__pow5mult
                0x0800b7b0       0xb4 /home/eseo-val/st/stm32cubeide_1.18.1/plugins/com.st.stm32cube.ide.mcu.externaltools.gnu-tools-for-stm32.13.3.rel1.linux64_1.0.0.202410170706/tools/bin/../lib/gcc/arm-none-eabi/13.3.1/../../../../arm-none-eabi/lib/thumb/v7e-m+fp/hard/libc_nano.a(libc_a-mprec.o)
                0x0800b7b0                __pow5mult
 .text.__lshift
                0x0800b864       0xd8 /home/eseo-val/st/stm32cubeide_1.18.1/plugins/com.st.stm32cube.ide.mcu.externaltools.gnu-tools-for-stm32.13.3.rel1.linux64_1.0.0.202410170706/tools/bin/../lib/gcc/arm-none-eabi/13.3.1/../../../../arm-none-eabi/lib/thumb/v7e-m+fp/hard/libc_nano.a(libc_a-mprec.o)
                0x0800b864                __lshift
 .text.__mcmp   0x0800b93c       0x36 /home/eseo-val/st/stm32cubeide_1.18.1/plugins/com.st.stm32cube.ide.mcu.externaltools.gnu-tools-for-stm32.13.3.rel1.linux64_1.0.0.202410170706/tools/bin/../lib/gcc/arm-none-eabi/13.3.1/../../../../arm-none-eabi/lib/thumb/v7e-m+fp/hard/libc_nano.a(libc_a-mprec.o)
                0x0800b93c                __mcmp
 *fill*         0x0800b972        0x2 
 .text.__mdiff  0x0800b974      0x128 /home/eseo-val/st/stm32cubeide_1.18.1/plugins/com.st.stm32cube.ide.mcu.externaltools.gnu-tools-for-stm32.13.3.rel1.linux64_1.0.0.202410170706/tools/bin/../lib/gcc/arm-none-eabi/13.3.1/../../../../arm-none-eabi/lib/thumb/v7e-m+fp/hard/libc_nano.a(libc_a-mprec.o)
                0x0800b974                __mdiff
 .text.__d2b    0x0800ba9c       0xb0 /home/eseo-val/st/stm32cubeide_1.18.1/plugins/com.st.stm32cube.ide.mcu.externaltools.gnu-tools-for-stm32.13.3.rel1.linux64_1.0.0.202410170706/tools/bin/../lib/gcc/arm-none-eabi/13.3.1/../../../../arm-none-eabi/lib/thumb/v7e-m+fp/hard/libc_nano.a(libc_a-mprec.o)
                0x0800ba9c                __d2b
 .text.__sfputc_r
                0x0800bb4c       0x2e /home/eseo-val/st/stm32cubeide_1.18.1/plugins/com.st.stm32cube.ide.mcu.externaltools.gnu-tools-for-stm32.13.3.rel1.linux64_1.0.0.202410170706/tools/bin/../lib/gcc/arm-none-eabi/13.3.1/../../../../arm-none-eabi/lib/thumb/v7e-m+fp/hard/libc_nano.a(libc_a-nano-vfprintf.o)
 .text.__sfputs_r
                0x0800bb7a       0x24 /home/eseo-val/st/stm32cubeide_1.18.1/plugins/com.st.stm32cube.ide.mcu.externaltools.gnu-tools-for-stm32.13.3.rel1.linux64_1.0.0.202410170706/tools/bin/../lib/gcc/arm-none-eabi/13.3.1/../../../../arm-none-eabi/lib/thumb/v7e-m+fp/hard/libc_nano.a(libc_a-nano-vfprintf.o)
                0x0800bb7a                __sfputs_r
 *fill*         0x0800bb9e        0x2 
 .text._vfprintf_r
                0x0800bba0      0x230 /home/eseo-val/st/stm32cubeide_1.18.1/plugins/com.st.stm32cube.ide.mcu.externaltools.gnu-tools-for-stm32.13.3.rel1.linux64_1.0.0.202410170706/tools/bin/../lib/gcc/arm-none-eabi/13.3.1/../../../../arm-none-eabi/lib/thumb/v7e-m+fp/hard/libc_nano.a(libc_a-nano-vfprintf.o)
                0x0800bba0                _vfiprintf_r
                0x0800bba0                _vfprintf_r
 .text.__sflush_r
                0x0800bdd0      0x108 /home/eseo-val/st/stm32cubeide_1.18.1/plugins/com.st.stm32cube.ide.mcu.externaltools.gnu-tools-for-stm32.13.3.rel1.linux64_1.0.0.202410170706/tools/bin/../lib/gcc/arm-none-eabi/13.3.1/../../../../arm-none-eabi/lib/thumb/v7e-m+fp/hard/libc_nano.a(libc_a-fflush.o)
                0x0800bdd0                __sflush_r
 .text._fflush_r
                0x0800bed8       0x50 /home/eseo-val/st/stm32cubeide_1.18.1/plugins/com.st.stm32cube.ide.mcu.externaltools.gnu-tools-for-stm32.13.3.rel1.linux64_1.0.0.202410170706/tools/bin/../lib/gcc/arm-none-eabi/13.3.1/../../../../arm-none-eabi/lib/thumb/v7e-m+fp/hard/libc_nano.a(libc_a-fflush.o)
                0x0800bed8                _fflush_r
 .text.__swhatbuf_r
                0x0800bf28       0x4c /home/eseo-val/st/stm32cubeide_1.18.1/plugins/com.st.stm32cube.ide.mcu.externaltools.gnu-tools-for-stm32.13.3.rel1.linux64_1.0.0.202410170706/tools/bin/../lib/gcc/arm-none-eabi/13.3.1/../../../../arm-none-eabi/lib/thumb/v7e-m+fp/hard/libc_nano.a(libc_a-makebuf.o)
                0x0800bf28                __swhatbuf_r
 .text.__smakebuf_r
                0x0800bf74       0x78 /home/eseo-val/st/stm32cubeide_1.18.1/plugins/com.st.stm32cube.ide.mcu.externaltools.gnu-tools-for-stm32.13.3.rel1.linux64_1.0.0.202410170706/tools/bin/../lib/gcc/arm-none-eabi/13.3.1/../../../../arm-none-eabi/lib/thumb/v7e-m+fp/hard/libc_nano.a(libc_a-makebuf.o)
                0x0800bf74                __smakebuf_r
 .text.__swbuf_r
                0x0800bfec       0x7c /home/eseo-val/st/stm32cubeide_1.18.1/plugins/com.st.stm32cube.ide.mcu.externaltools.gnu-tools-for-stm32.13.3.rel1.linux64_1.0.0.202410170706/tools/bin/../lib/gcc/arm-none-eabi/13.3.1/../../../../arm-none-eabi/lib/thumb/v7e-m+fp/hard/libc_nano.a(libc_a-wbuf.o)
                0x0800bfec                __swbuf_r
 .text.__swsetup_r
                0x0800c068       0xac /home/eseo-val/st/stm32cubeide_1.18.1/plugins/com.st.stm32cube.ide.mcu.externaltools.gnu-tools-for-stm32.13.3.rel1.linux64_1.0.0.202410170706/tools/bin/../lib/gcc/arm-none-eabi/13.3.1/../../../../arm-none-eabi/lib/thumb/v7e-m+fp/hard/libc_nano.a(libc_a-wsetup.o)
                0x0800c068                __swsetup_r
 .text._raise_r
                0x0800c114       0x50 /home/eseo-val/st/stm32cubeide_1.18.1/plugins/com.st.stm32cube.ide.mcu.externaltools.gnu-tools-for-stm32.13.3.rel1.linux64_1.0.0.202410170706/tools/bin/../lib/gcc/arm-none-eabi/13.3.1/../../../../arm-none-eabi/lib/thumb/v7e-m+fp/hard/libc_nano.a(libc_a-signal.o)
                0x0800c114                _raise_r
 .text.raise    0x0800c164       0x10 /home/eseo-val/st/stm32cubeide_1.18.1/plugins/com.st.stm32cube.ide.mcu.externaltools.gnu-tools-for-stm32.13.3.rel1.linux64_1.0.0.202410170706/tools/bin/../lib/gcc/arm-none-eabi/13.3.1/../../../../arm-none-eabi/lib/thumb/v7e-m+fp/hard/libc_nano.a(libc_a-signal.o)
                0x0800c164                raise
 .text._fstat_r
                0x0800c174       0x24 /home/eseo-val/st/stm32cubeide_1.18.1/plugins/com.st.stm32cube.ide.mcu.externaltools.gnu-tools-for-stm32.13.3.rel1.linux64_1.0.0.202410170706/tools/bin/../lib/gcc/arm-none-eabi/13.3.1/../../../../arm-none-eabi/lib/thumb/v7e-m+fp/hard/libc_nano.a(libc_a-fstatr.o)
                0x0800c174                _fstat_r
 .text._isatty_r
                0x0800c198       0x20 /home/eseo-val/st/stm32cubeide_1.18.1/plugins/com.st.stm32cube.ide.mcu.externaltools.gnu-tools-for-stm32.13.3.rel1.linux64_1.0.0.202410170706/tools/bin/../lib/gcc/arm-none-eabi/13.3.1/../../../../arm-none-eabi/lib/thumb/v7e-m+fp/hard/libc_nano.a(libc_a-isattyr.o)
                0x0800c198                _isatty_r
 .text._kill_r  0x0800c1b8       0x24 /home/eseo-val/st/stm32cubeide_1.18.1/plugins/com.st.stm32cube.ide.mcu.externaltools.gnu-tools-for-stm32.13.3.rel1.linux64_1.0.0.202410170706/tools/bin/../lib/gcc/arm-none-eabi/13.3.1/../../../../arm-none-eabi/lib/thumb/v7e-m+fp/hard/libc_nano.a(libc_a-signalr.o)
                0x0800c1b8                _kill_r
 .text._getpid_r
                0x0800c1dc        0x4 /home/eseo-val/st/stm32cubeide_1.18.1/plugins/com.st.stm32cube.ide.mcu.externaltools.gnu-tools-for-stm32.13.3.rel1.linux64_1.0.0.202410170706/tools/bin/../lib/gcc/arm-none-eabi/13.3.1/../../../../arm-none-eabi/lib/thumb/v7e-m+fp/hard/libc_nano.a(libc_a-signalr.o)
                0x0800c1dc                _getpid_r
 .text._sbrk_r  0x0800c1e0       0x20 /home/eseo-val/st/stm32cubeide_1.18.1/plugins/com.st.stm32cube.ide.mcu.externaltools.gnu-tools-for-stm32.13.3.rel1.linux64_1.0.0.202410170706/tools/bin/../lib/gcc/arm-none-eabi/13.3.1/../../../../arm-none-eabi/lib/thumb/v7e-m+fp/hard/libc_nano.a(libc_a-sbrkr.o)
                0x0800c1e0                _sbrk_r
 .text.memcpy   0x0800c200       0x1c /home/eseo-val/st/stm32cubeide_1.18.1/plugins/com.st.stm32cube.ide.mcu.externaltools.gnu-tools-for-stm32.13.3.rel1.linux64_1.0.0.202410170706/tools/bin/../lib/gcc/arm-none-eabi/13.3.1/../../../../arm-none-eabi/lib/thumb/v7e-m+fp/hard/libc_nano.a(libc_a-memcpy-stub.o)
                0x0800c200                memcpy
 .text._calloc_r
                0x0800c21c       0x28 /home/eseo-val/st/stm32cubeide_1.18.1/plugins/com.st.stm32cube.ide.mcu.externaltools.gnu-tools-for-stm32.13.3.rel1.linux64_1.0.0.202410170706/tools/bin/../lib/gcc/arm-none-eabi/13.3.1/../../../../arm-none-eabi/lib/thumb/v7e-m+fp/hard/libc_nano.a(libc_a-callocr.o)
                0x0800c21c                _calloc_r
 .text.__ascii_mbtowc
                0x0800c244       0x24 /home/eseo-val/st/stm32cubeide_1.18.1/plugins/com.st.stm32cube.ide.mcu.externaltools.gnu-tools-for-stm32.13.3.rel1.linux64_1.0.0.202410170706/tools/bin/../lib/gcc/arm-none-eabi/13.3.1/../../../../arm-none-eabi/lib/thumb/v7e-m+fp/hard/libc_nano.a(libc_a-mbtowc_r.o)
                0x0800c244                __ascii_mbtowc
 .text.__ascii_wctomb
                0x0800c268       0x1a /home/eseo-val/st/stm32cubeide_1.18.1/plugins/com.st.stm32cube.ide.mcu.externaltools.gnu-tools-for-stm32.13.3.rel1.linux64_1.0.0.202410170706/tools/bin/../lib/gcc/arm-none-eabi/13.3.1/../../../../arm-none-eabi/lib/thumb/v7e-m+fp/hard/libc_nano.a(libc_a-wctomb_r.o)
                0x0800c268                __ascii_wctomb
 *fill*         0x0800c282        0x2 
 .text.findslot
                0x0800c284       0x34 /home/eseo-val/st/stm32cubeide_1.18.1/plugins/com.st.stm32cube.ide.mcu.externaltools.gnu-tools-for-stm32.13.3.rel1.linux64_1.0.0.202410170706/tools/bin/../lib/gcc/arm-none-eabi/13.3.1/../../../../arm-none-eabi/lib/thumb/v7e-m+fp/hard/librdimon_nano.a(arm_librdimon_a-syscalls.o)
 .text.error    0x0800c2b8       0x1c /home/eseo-val/st/stm32cubeide_1.18.1/plugins/com.st.stm32cube.ide.mcu.externaltools.gnu-tools-for-stm32.13.3.rel1.linux64_1.0.0.202410170706/tools/bin/../lib/gcc/arm-none-eabi/13.3.1/../../../../arm-none-eabi/lib/thumb/v7e-m+fp/hard/librdimon_nano.a(arm_librdimon_a-syscalls.o)
 .text.checkerror
                0x0800c2d4        0xa /home/eseo-val/st/stm32cubeide_1.18.1/plugins/com.st.stm32cube.ide.mcu.externaltools.gnu-tools-for-stm32.13.3.rel1.linux64_1.0.0.202410170706/tools/bin/../lib/gcc/arm-none-eabi/13.3.1/../../../../arm-none-eabi/lib/thumb/v7e-m+fp/hard/librdimon_nano.a(arm_librdimon_a-syscalls.o)
 .text._swilseek
                0x0800c2de       0x78 /home/eseo-val/st/stm32cubeide_1.18.1/plugins/com.st.stm32cube.ide.mcu.externaltools.gnu-tools-for-stm32.13.3.rel1.linux64_1.0.0.202410170706/tools/bin/../lib/gcc/arm-none-eabi/13.3.1/../../../../arm-none-eabi/lib/thumb/v7e-m+fp/hard/librdimon_nano.a(arm_librdimon_a-syscalls.o)
                0x0800c2de                _swilseek
 .text._lseek   0x0800c356        0x4 /home/eseo-val/st/stm32cubeide_1.18.1/plugins/com.st.stm32cube.ide.mcu.externaltools.gnu-tools-for-stm32.13.3.rel1.linux64_1.0.0.202410170706/tools/bin/../lib/gcc/arm-none-eabi/13.3.1/../../../../arm-none-eabi/lib/thumb/v7e-m+fp/hard/librdimon_nano.a(arm_librdimon_a-syscalls.o)
                0x0800c356                _lseek
 .text._swiclose
                0x0800c35a       0x1a /home/eseo-val/st/stm32cubeide_1.18.1/plugins/com.st.stm32cube.ide.mcu.externaltools.gnu-tools-for-stm32.13.3.rel1.linux64_1.0.0.202410170706/tools/bin/../lib/gcc/arm-none-eabi/13.3.1/../../../../arm-none-eabi/lib/thumb/v7e-m+fp/hard/librdimon_nano.a(arm_librdimon_a-syscalls.o)
                0x0800c35a                _swiclose
 .text._close   0x0800c374       0x4c /home/eseo-val/st/stm32cubeide_1.18.1/plugins/com.st.stm32cube.ide.mcu.externaltools.gnu-tools-for-stm32.13.3.rel1.linux64_1.0.0.202410170706/tools/bin/../lib/gcc/arm-none-eabi/13.3.1/../../../../arm-none-eabi/lib/thumb/v7e-m+fp/hard/librdimon_nano.a(arm_librdimon_a-syscalls.o)
                0x0800c374                _close
 .text._isatty  0x0800c3c0       0x3a /home/eseo-val/st/stm32cubeide_1.18.1/plugins/com.st.stm32cube.ide.mcu.externaltools.gnu-tools-for-stm32.13.3.rel1.linux64_1.0.0.202410170706/tools/bin/../lib/gcc/arm-none-eabi/13.3.1/../../../../arm-none-eabi/lib/thumb/v7e-m+fp/hard/librdimon_nano.a(arm_librdimon_a-syscalls.o)
                0x0800c3c0                _isatty
 *(.glue_7)
 .glue_7        0x0800c3fa        0x0 linker stubs
 *(.glue_7t)
 .glue_7t       0x0800c3fa        0x0 linker stubs
 *(.eh_frame)
 *fill*         0x0800c3fa        0x2 
 .eh_frame      0x0800c3fc        0x0 /home/eseo-val/st/stm32cubeide_1.18.1/plugins/com.st.stm32cube.ide.mcu.externaltools.gnu-tools-for-stm32.13.3.rel1.linux64_1.0.0.202410170706/tools/bin/../lib/gcc/arm-none-eabi/13.3.1/thumb/v7e-m+fp/hard/crtbegin.o
 *(.init)
 .init          0x0800c3fc        0x4 /home/eseo-val/st/stm32cubeide_1.18.1/plugins/com.st.stm32cube.ide.mcu.externaltools.gnu-tools-for-stm32.13.3.rel1.linux64_1.0.0.202410170706/tools/bin/../lib/gcc/arm-none-eabi/13.3.1/thumb/v7e-m+fp/hard/crti.o
                0x0800c3fc                _init
 .init          0x0800c400        0x8 /home/eseo-val/st/stm32cubeide_1.18.1/plugins/com.st.stm32cube.ide.mcu.externaltools.gnu-tools-for-stm32.13.3.rel1.linux64_1.0.0.202410170706/tools/bin/../lib/gcc/arm-none-eabi/13.3.1/thumb/v7e-m+fp/hard/crtn.o
 *(.fini)
 .fini          0x0800c408        0x4 /home/eseo-val/st/stm32cubeide_1.18.1/plugins/com.st.stm32cube.ide.mcu.externaltools.gnu-tools-for-stm32.13.3.rel1.linux64_1.0.0.202410170706/tools/bin/../lib/gcc/arm-none-eabi/13.3.1/thumb/v7e-m+fp/hard/crti.o
                0x0800c408                _fini
 .fini          0x0800c40c        0x8 /home/eseo-val/st/stm32cubeide_1.18.1/plugins/com.st.stm32cube.ide.mcu.externaltools.gnu-tools-for-stm32.13.3.rel1.linux64_1.0.0.202410170706/tools/bin/../lib/gcc/arm-none-eabi/13.3.1/thumb/v7e-m+fp/hard/crtn.o
                0x0800c414                        . = ALIGN (0x4)
                0x0800c414                        _etext = .

.vfp11_veneer   0x0800c414        0x0
 .vfp11_veneer  0x0800c414        0x0 linker stubs

.v4_bx          0x0800c414        0x0
 .v4_bx         0x0800c414        0x0 linker stubs

.iplt           0x0800c414        0x0
 .iplt          0x0800c414        0x0 /home/eseo-val/st/stm32cubeide_1.18.1/plugins/com.st.stm32cube.ide.mcu.externaltools.gnu-tools-for-stm32.13.3.rel1.linux64_1.0.0.202410170706/tools/bin/../lib/gcc/arm-none-eabi/13.3.1/thumb/v7e-m+fp/hard/crtbegin.o

.rodata         0x0800c418     0x138c
                0x0800c418                        . = ALIGN (0x4)
 *(.rodata)
 .rodata        0x0800c418        0x9 ./app/actions.o
 *fill*         0x0800c421        0x3 
 .rodata        0x0800c424       0x33 ./app/menu.o
 *fill*         0x0800c457        0x1 
 .rodata        0x0800c458      0x117 ./drivers/bsp/stm32g4_spi.o
 *fill*         0x0800c56f        0x1 
 .rodata        0x0800c570       0x48 ./drivers/bsp/stm32g4_uart.o
 *(.rodata*)
 .rodata.AHBPrescTable
                0x0800c5b8       0x10 ./core/Src/system_stm32g4xx.o
                0x0800c5b8                AHBPrescTable
 .rodata.APBPrescTable
                0x0800c5c8        0x8 ./core/Src/system_stm32g4xx.o
                0x0800c5c8                APBPrescTable
 .rodata.Font11x18
                0x0800c5d0      0xd5c ./drivers/bsp/TFT_ili9341/stm32g4_fonts.o
                0x0800c5d0                Font11x18
 .rodata.__func__.7
                0x0800d32c        0xd ./drivers/bsp/stm32g4_spi.o
 *fill*         0x0800d339        0x3 
 .rodata.__func__.6
                0x0800d33c       0x17 ./drivers/bsp/stm32g4_spi.o
 *fill*         0x0800d353        0x1 
 .rodata.__func__.4
                0x0800d354       0x18 ./drivers/bsp/stm32g4_spi.o
 .rodata.__func__.3
                0x0800d36c       0x1d ./drivers/bsp/stm32g4_spi.o
 *fill*         0x0800d389        0x3 
 .rodata.__func__.1
                0x0800d38c       0x14 ./drivers/bsp/stm32g4_spi.o
 .rodata.__func__.0
                0x0800d3a0       0x14 ./drivers/bsp/stm32g4_spi.o
 .rodata.nvic_IRQ_array
                0x0800d3b4        0x2 ./drivers/bsp/stm32g4_uart.o
 *fill*         0x0800d3b6        0x2 
 .rodata.__func__.7
                0x0800d3b8       0x14 ./drivers/bsp/stm32g4_uart.o
 .rodata.__func__.6
                0x0800d3cc       0x17 ./drivers/bsp/stm32g4_uart.o
 *fill*         0x0800d3e3        0x1 
 .rodata.__func__.5
                0x0800d3e4        0xe ./drivers/bsp/stm32g4_uart.o
 *fill*         0x0800d3f2        0x2 
 .rodata.__func__.3
                0x0800d3f4        0xe ./drivers/bsp/stm32g4_uart.o
 *fill*         0x0800d402        0x2 
 .rodata.UARTPrescTable
                0x0800d404       0x18 ./drivers/stm32g4xx_hal/Src/stm32g4xx_hal_uart.o
                0x0800d404                UARTPrescTable
 .rodata.numerator.1
                0x0800d41c        0x8 ./drivers/stm32g4xx_hal/Src/stm32g4xx_hal_uart_ex.o
 .rodata.denominator.0
                0x0800d424        0x8 ./drivers/stm32g4xx_hal/Src/stm32g4xx_hal_uart_ex.o
 .rodata.__assert_func.str1.1
                0x0800d42c      0x171 /home/eseo-val/st/stm32cubeide_1.18.1/plugins/com.st.stm32cube.ide.mcu.externaltools.gnu-tools-for-stm32.13.3.rel1.linux64_1.0.0.202410170706/tools/bin/../lib/gcc/arm-none-eabi/13.3.1/../../../../arm-none-eabi/lib/thumb/v7e-m+fp/hard/libc_nano.a(libc_a-assert.o)
                                 0x3d (size before relaxing)
 .rodata._printf_float.str1.1
                0x0800d59d       0x12 /home/eseo-val/st/stm32cubeide_1.18.1/plugins/com.st.stm32cube.ide.mcu.externaltools.gnu-tools-for-stm32.13.3.rel1.linux64_1.0.0.202410170706/tools/bin/../lib/gcc/arm-none-eabi/13.3.1/../../../../arm-none-eabi/lib/thumb/v7e-m+fp/hard/libc_nano.a(libc_a-nano-vfprintf_float.o)
 .rodata._printf_i.str1.1
                0x0800d59d       0x22 /home/eseo-val/st/stm32cubeide_1.18.1/plugins/com.st.stm32cube.ide.mcu.externaltools.gnu-tools-for-stm32.13.3.rel1.linux64_1.0.0.202410170706/tools/bin/../lib/gcc/arm-none-eabi/13.3.1/../../../../arm-none-eabi/lib/thumb/v7e-m+fp/hard/libc_nano.a(libc_a-nano-vfprintf_i.o)
 .rodata._dtoa_r.str1.1
                0x0800d59d       0x8f /home/eseo-val/st/stm32cubeide_1.18.1/plugins/com.st.stm32cube.ide.mcu.externaltools.gnu-tools-for-stm32.13.3.rel1.linux64_1.0.0.202410170706/tools/bin/../lib/gcc/arm-none-eabi/13.3.1/../../../../arm-none-eabi/lib/thumb/v7e-m+fp/hard/libc_nano.a(libc_a-dtoa.o)
 .rodata._Balloc.str1.1
                0x0800d59d       0x70 /home/eseo-val/st/stm32cubeide_1.18.1/plugins/com.st.stm32cube.ide.mcu.externaltools.gnu-tools-for-stm32.13.3.rel1.linux64_1.0.0.202410170706/tools/bin/../lib/gcc/arm-none-eabi/13.3.1/../../../../arm-none-eabi/lib/thumb/v7e-m+fp/hard/libc_nano.a(libc_a-mprec.o)
 .rodata.__multadd.str1.1
                0x0800d59d       0x11 /home/eseo-val/st/stm32cubeide_1.18.1/plugins/com.st.stm32cube.ide.mcu.externaltools.gnu-tools-for-stm32.13.3.rel1.linux64_1.0.0.202410170706/tools/bin/../lib/gcc/arm-none-eabi/13.3.1/../../../../arm-none-eabi/lib/thumb/v7e-m+fp/hard/libc_nano.a(libc_a-mprec.o)
 *fill*         0x0800d59d        0x3 
 .rodata.p05.0  0x0800d5a0        0xc /home/eseo-val/st/stm32cubeide_1.18.1/plugins/com.st.stm32cube.ide.mcu.externaltools.gnu-tools-for-stm32.13.3.rel1.linux64_1.0.0.202410170706/tools/bin/../lib/gcc/arm-none-eabi/13.3.1/../../../../arm-none-eabi/lib/thumb/v7e-m+fp/hard/libc_nano.a(libc_a-mprec.o)
 *fill*         0x0800d5ac        0x4 
 .rodata.__mprec_bigtens
                0x0800d5b0       0x28 /home/eseo-val/st/stm32cubeide_1.18.1/plugins/com.st.stm32cube.ide.mcu.externaltools.gnu-tools-for-stm32.13.3.rel1.linux64_1.0.0.202410170706/tools/bin/../lib/gcc/arm-none-eabi/13.3.1/../../../../arm-none-eabi/lib/thumb/v7e-m+fp/hard/libc_nano.a(libc_a-mprec.o)
                0x0800d5b0                __mprec_bigtens
 .rodata.__mprec_tens
                0x0800d5d8       0xc8 /home/eseo-val/st/stm32cubeide_1.18.1/plugins/com.st.stm32cube.ide.mcu.externaltools.gnu-tools-for-stm32.13.3.rel1.linux64_1.0.0.202410170706/tools/bin/../lib/gcc/arm-none-eabi/13.3.1/../../../../arm-none-eabi/lib/thumb/v7e-m+fp/hard/libc_nano.a(libc_a-mprec.o)
                0x0800d5d8                __mprec_tens
 .rodata._vfprintf_r.str1.1
                0x0800d6a0       0x11 /home/eseo-val/st/stm32cubeide_1.18.1/plugins/com.st.stm32cube.ide.mcu.externaltools.gnu-tools-for-stm32.13.3.rel1.linux64_1.0.0.202410170706/tools/bin/../lib/gcc/arm-none-eabi/13.3.1/../../../../arm-none-eabi/lib/thumb/v7e-m+fp/hard/libc_nano.a(libc_a-nano-vfprintf.o)
 .rodata._setlocale_r.str1.1
                0x0800d6a0        0x9 /home/eseo-val/st/stm32cubeide_1.18.1/plugins/com.st.stm32cube.ide.mcu.externaltools.gnu-tools-for-stm32.13.3.rel1.linux64_1.0.0.202410170706/tools/bin/../lib/gcc/arm-none-eabi/13.3.1/../../../../arm-none-eabi/lib/thumb/v7e-m+fp/hard/libc_nano.a(libc_a-locale.o)
 .rodata.str1.1
                0x0800d6a0        0x2 /home/eseo-val/st/stm32cubeide_1.18.1/plugins/com.st.stm32cube.ide.mcu.externaltools.gnu-tools-for-stm32.13.3.rel1.linux64_1.0.0.202410170706/tools/bin/../lib/gcc/arm-none-eabi/13.3.1/../../../../arm-none-eabi/lib/thumb/v7e-m+fp/hard/libc_nano.a(libc_a-locale.o)
 .rodata._ctype_
                0x0800d6a0      0x101 /home/eseo-val/st/stm32cubeide_1.18.1/plugins/com.st.stm32cube.ide.mcu.externaltools.gnu-tools-for-stm32.13.3.rel1.linux64_1.0.0.202410170706/tools/bin/../lib/gcc/arm-none-eabi/13.3.1/../../../../arm-none-eabi/lib/thumb/v7e-m+fp/hard/libc_nano.a(libc_a-ctype_.o)
                0x0800d6a0                _ctype_
                0x0800d7a4                        . = ALIGN (0x4)
 *fill*         0x0800d7a1        0x3 

.ARM.extab      0x0800d7a4        0x0
                0x0800d7a4                        . = ALIGN (0x4)
 *(.ARM.extab* .gnu.linkonce.armextab.*)
                0x0800d7a4                        . = ALIGN (0x4)

.ARM            0x0800d7a4        0x8
                0x0800d7a4                        . = ALIGN (0x4)
                0x0800d7a4                        __exidx_start = .
 *(.ARM.exidx*)
 .ARM.exidx     0x0800d7a4        0x8 /home/eseo-val/st/stm32cubeide_1.18.1/plugins/com.st.stm32cube.ide.mcu.externaltools.gnu-tools-for-stm32.13.3.rel1.linux64_1.0.0.202410170706/tools/bin/../lib/gcc/arm-none-eabi/13.3.1/../../../../arm-none-eabi/lib/thumb/v7e-m+fp/hard/libc_nano.a(libc_a-memchr.o)
 .ARM.exidx     0x0800d7ac        0x0 /home/eseo-val/st/stm32cubeide_1.18.1/plugins/com.st.stm32cube.ide.mcu.externaltools.gnu-tools-for-stm32.13.3.rel1.linux64_1.0.0.202410170706/tools/bin/../lib/gcc/arm-none-eabi/13.3.1/../../../../arm-none-eabi/lib/thumb/v7e-m+fp/hard/libc_nano.a(libc_a-strlen.o)
                                  0x8 (size before relaxing)
 .ARM.exidx     0x0800d7ac        0x0 /home/eseo-val/st/stm32cubeide_1.18.1/plugins/com.st.stm32cube.ide.mcu.externaltools.gnu-tools-for-stm32.13.3.rel1.linux64_1.0.0.202410170706/tools/bin/../lib/gcc/arm-none-eabi/13.3.1/thumb/v7e-m+fp/hard/libgcc.a(_udivmoddi4.o)
                                  0x8 (size before relaxing)
                0x0800d7ac                        __exidx_end = .
                0x0800d7ac                        . = ALIGN (0x4)

.preinit_array  0x0800d7ac        0x0
                0x0800d7ac                        . = ALIGN (0x4)
                0x0800d7ac                        PROVIDE (__preinit_array_start = .)
 *(.preinit_array*)
                0x0800d7ac                        PROVIDE (__preinit_array_end = .)
                0x0800d7ac                        . = ALIGN (0x4)

.init_array     0x0800d7ac        0x4
                0x0800d7ac                        . = ALIGN (0x4)
                0x0800d7ac                        PROVIDE (__init_array_start = .)
 *(SORT_BY_NAME(.init_array.*))
 *(.init_array*)
 .init_array    0x0800d7ac        0x4 /home/eseo-val/st/stm32cubeide_1.18.1/plugins/com.st.stm32cube.ide.mcu.externaltools.gnu-tools-for-stm32.13.3.rel1.linux64_1.0.0.202410170706/tools/bin/../lib/gcc/arm-none-eabi/13.3.1/thumb/v7e-m+fp/hard/crtbegin.o
                0x0800d7b0                        PROVIDE (__init_array_end = .)
                0x0800d7b0                        . = ALIGN (0x4)

.fini_array     0x0800d7b0        0x4
                0x0800d7b0                        . = ALIGN (0x4)
                [!provide]                        PROVIDE (__fini_array_start = .)
 *(SORT_BY_NAME(.fini_array.*))
 *(.fini_array*)
 .fini_array    0x0800d7b0        0x4 /home/eseo-val/st/stm32cubeide_1.18.1/plugins/com.st.stm32cube.ide.mcu.externaltools.gnu-tools-for-stm32.13.3.rel1.linux64_1.0.0.202410170706/tools/bin/../lib/gcc/arm-none-eabi/13.3.1/thumb/v7e-m+fp/hard/crtbegin.o
                [!provide]                        PROVIDE (__fini_array_end = .)
                0x0800d7b4                        . = ALIGN (0x4)
                0x0800d7b4                        _sidata = LOADADDR (.data)

.rel.dyn        0x0800d7b4        0x0
 .rel.iplt      0x0800d7b4        0x0 /home/eseo-val/st/stm32cubeide_1.18.1/plugins/com.st.stm32cube.ide.mcu.externaltools.gnu-tools-for-stm32.13.3.rel1.linux64_1.0.0.202410170706/tools/bin/../lib/gcc/arm-none-eabi/13.3.1/thumb/v7e-m+fp/hard/crtbegin.o

.data           0x20000000      0x200 load address 0x0800d7b4
                0x20000000                        . = ALIGN (0x4)
                0x20000000                        _sdata = .
 *(.data)
 *(.data*)
 .data.is_paused
                0x20000000        0x1 ./app/actions.o
                0x20000000                is_paused
 *fill*         0x20000001        0x1 
 .data.last_x.1
                0x20000002        0x2 ./app/gameoflife.o
 .data.last_y.0
                0x20000004        0x2 ./app/gameoflife.o
 *fill*         0x20000006        0x2 
 .data.menu_labels
                0x20000008       0x10 ./app/menu.o
 .data.SystemCoreClock
                0x20000018        0x4 ./core/Src/system_stm32g4xx.o
                0x20000018                SystemCoreClock
 .data.Font_11x18
                0x2000001c        0xc ./drivers/bsp/TFT_ili9341/stm32g4_fonts.o
                0x2000001c                Font_11x18
 .data.instances_array
                0x20000028        0x8 ./drivers/bsp/stm32g4_uart.o
 .data.uwTickPrio
                0x20000030        0x4 ./drivers/stm32g4xx_hal/Src/stm32g4xx_hal.o
                0x20000030                uwTickPrio
 .data.uwTickFreq
                0x20000034        0x4 ./drivers/stm32g4xx_hal/Src/stm32g4xx_hal.o
                0x20000034                uwTickFreq
 .data.__sglue  0x20000038        0xc /home/eseo-val/st/stm32cubeide_1.18.1/plugins/com.st.stm32cube.ide.mcu.externaltools.gnu-tools-for-stm32.13.3.rel1.linux64_1.0.0.202410170706/tools/bin/../lib/gcc/arm-none-eabi/13.3.1/../../../../arm-none-eabi/lib/thumb/v7e-m+fp/hard/libc_nano.a(libc_a-findfp.o)
                0x20000038                __sglue
 .data._impure_ptr
                0x20000044        0x4 /home/eseo-val/st/stm32cubeide_1.18.1/plugins/com.st.stm32cube.ide.mcu.externaltools.gnu-tools-for-stm32.13.3.rel1.linux64_1.0.0.202410170706/tools/bin/../lib/gcc/arm-none-eabi/13.3.1/../../../../arm-none-eabi/lib/thumb/v7e-m+fp/hard/libc_nano.a(libc_a-impure.o)
                0x20000044                _impure_ptr
 .data._impure_data
                0x20000048       0x4c /home/eseo-val/st/stm32cubeide_1.18.1/plugins/com.st.stm32cube.ide.mcu.externaltools.gnu-tools-for-stm32.13.3.rel1.linux64_1.0.0.202410170706/tools/bin/../lib/gcc/arm-none-eabi/13.3.1/../../../../arm-none-eabi/lib/thumb/v7e-m+fp/hard/libc_nano.a(libc_a-impure.o)
                0x20000048                _impure_data
 .data.__global_locale
                0x20000094      0x16c /home/eseo-val/st/stm32cubeide_1.18.1/plugins/com.st.stm32cube.ide.mcu.externaltools.gnu-tools-for-stm32.13.3.rel1.linux64_1.0.0.202410170706/tools/bin/../lib/gcc/arm-none-eabi/13.3.1/../../../../arm-none-eabi/lib/thumb/v7e-m+fp/hard/libc_nano.a(libc_a-locale.o)
                0x20000094                __global_locale
 *(.RamFunc)
 *(.RamFunc*)
                0x20000200                        . = ALIGN (0x4)
                0x20000200                        _edata = .

.igot.plt       0x20000200        0x0 load address 0x0800d9b4
 .igot.plt      0x20000200        0x0 /home/eseo-val/st/stm32cubeide_1.18.1/plugins/com.st.stm32cube.ide.mcu.externaltools.gnu-tools-for-stm32.13.3.rel1.linux64_1.0.0.202410170706/tools/bin/../lib/gcc/arm-none-eabi/13.3.1/thumb/v7e-m+fp/hard/crtbegin.o
                0x20000200                        . = ALIGN (0x4)

.bss            0x20000200     0x3ff4 load address 0x0800d9b4
                0x20000200                        _sbss = .
                0x20000200                        __bss_start__ = _sbss
 *(.bss)
 .bss           0x20000200       0x1c /home/eseo-val/st/stm32cubeide_1.18.1/plugins/com.st.stm32cube.ide.mcu.externaltools.gnu-tools-for-stm32.13.3.rel1.linux64_1.0.0.202410170706/tools/bin/../lib/gcc/arm-none-eabi/13.3.1/thumb/v7e-m+fp/hard/crtbegin.o
 *(.bss*)
 .bss.in_menu   0x2000021c        0x1 ./app/actions.o
                0x2000021c                in_menu
 .bss.in_settings
                0x2000021d        0x1 ./app/actions.o
                0x2000021d                in_settings
 *fill*         0x2000021e        0x2 
 .bss.t         0x20000220        0x4 ./app/button.o
 .bss.previous_button_left.4
                0x20000224        0x1 ./app/button.o
 .bss.previous_button_right.3
                0x20000225        0x1 ./app/button.o
 .bss.previous_button_up.2
                0x20000226        0x1 ./app/button.o
 .bss.previous_button_down.1
                0x20000227        0x1 ./app/button.o
 .bss.previous_button_center.0
                0x20000228        0x1 ./app/button.o
 *fill*         0x20000229        0x3 
 .bss.displayed_cells
                0x2000022c     0x12c0 ./app/display.o
 .bss.reset     0x200014ec        0x1 ./app/display.o
 *fill*         0x200014ed        0x3 
 .bss.grid0     0x200014f0     0x12c0 ./app/gameoflife.o
                0x200014f0                grid0
 .bss.grid1     0x200027b0     0x12c0 ./app/gameoflife.o
 .bss.flag_generation
                0x20003a70        0x1 ./app/gameoflife.o
 .bss.action    0x20003a71        0x1 ./app/gameoflife.o
                0x20003a71                action
 .bss.just_entered_menu
                0x20003a72        0x1 ./app/gameoflife.o
 .bss.cooldown_after_menu
                0x20003a73        0x1 ./app/gameoflife.o
                0x20003a73                cooldown_after_menu
 .bss.toggle.3  0x20003a74        0x1 ./app/gameoflife.o
 .bss.t_generation.2
                0x20003a75        0x1 ./app/gameoflife.o
 .bss.selected_menu
                0x20003a76        0x1 ./app/menu.o
 *fill*         0x20003a77        0x1 
 .bss.__sbrk_heap_end
                0x20003a78        0x4 ./core/Src/sysmem.o
 .bss.ILI9341_x
                0x20003a7c        0x2 ./drivers/bsp/TFT_ili9341/stm32g4_ili9341.o
                0x20003a7c                ILI9341_x
 .bss.ILI9341_y
                0x20003a7e        0x2 ./drivers/bsp/TFT_ili9341/stm32g4_ili9341.o
                0x20003a7e                ILI9341_y
 .bss.ILI9341_Opts
                0x20003a80        0x6 ./drivers/bsp/TFT_ili9341/stm32g4_ili9341.o
                0x20003a80                ILI9341_Opts
 *fill*         0x20003a86        0x2 
 .bss.callbacks
                0x20003a88       0x40 ./drivers/bsp/stm32g4_extit.o
 .bss.enables   0x20003ac8        0x2 ./drivers/bsp/stm32g4_extit.o
 .bss.initialized
                0x20003aca        0x1 ./drivers/bsp/stm32g4_gpio.o
 *fill*         0x20003acb        0x1 
 .bss.hSPI      0x20003acc      0x12c ./drivers/bsp/stm32g4_spi.o
 .bss.stdout_usart
                0x20003bf8        0x1 ./drivers/bsp/stm32g4_sys.o
 .bss.stderr_usart
                0x20003bf9        0x1 ./drivers/bsp/stm32g4_sys.o
 .bss.stdin_usart
                0x20003bfa        0x1 ./drivers/bsp/stm32g4_sys.o
 *fill*         0x20003bfb        0x1 
 .bss.uart_initialized
                0x20003bfc        0x4 ./drivers/bsp/stm32g4_sys.o
 .bss.callback_functions
                0x20003c00       0x40 ./drivers/bsp/stm32g4_systick.o
 .bss.initialized
                0x20003c40        0x1 ./drivers/bsp/stm32g4_systick.o
 *fill*         0x20003c41        0x3 
 .bss.structure_handles
                0x20003c44      0x17c ./drivers/bsp/stm32g4_timer.o
 .bss.structure_handles
                0x20003dc0      0x128 ./drivers/bsp/stm32g4_uart.o
 .bss.buffer_rx
                0x20003ee8      0x100 ./drivers/bsp/stm32g4_uart.o
 .bss.buffer_rx_write_index
                0x20003fe8        0x2 ./drivers/bsp/stm32g4_uart.o
 *fill*         0x20003fea        0x2 
 .bss.buffer_rx_read_index
                0x20003fec        0x8 ./drivers/bsp/stm32g4_uart.o
 .bss.buffer_rx_data_ready
                0x20003ff4        0x2 ./drivers/bsp/stm32g4_uart.o
 *fill*         0x20003ff6        0x2 
 .bss.uart_initialized
                0x20003ff8        0x2 ./drivers/bsp/stm32g4_uart.o
 *fill*         0x20003ffa        0x2 
 .bss.callback_uart_rx