../app/actions.c:20:6:TRANSITION_vertical_wipe	32	static
../app/actions.c:32:6:TRANSITION_apply_with_grid	16	static
../app/actions.c:43:6:action_play_pause	8	static
../app/actions.c:61:6:action_clear_grid	16	static
../app/actions.c:82:6:action_save_grid	96	static
../app/actions.c:147:6:action_load_grid	72	static
../app/actions.c:185:6:action_open_menu	8	static
../app/actions.c:193:6:action_open_patterns_menu	8	static
../app/actions.c:201:6:action_create_patterns	8	static
../app/actions.c:254:6:action_to_do	16	static
